Archive member included to satisfy reference by file (symbol)

C:/ST/STM32CubeCLT_1.17.0/GNU-tools-for-STM32/bin/../lib/gcc/arm-none-eabi/12.3.1/../../../../arm-none-eabi/lib/thumb/v7e-m+dp/hard\libc_nano.a(libc_a-exit.o)
                              C:/ST/STM32CubeCLT_1.17.0/GNU-tools-for-STM32/bin/../lib/gcc/arm-none-eabi/12.3.1/../../../../arm-none-eabi/lib/thumb/v7e-m+dp/hard/crt0.o (exit)
C:/ST/STM32CubeCLT_1.17.0/GNU-tools-for-STM32/bin/../lib/gcc/arm-none-eabi/12.3.1/../../../../arm-none-eabi/lib/thumb/v7e-m+dp/hard\libc_nano.a(libc_a-findfp.o)
                              C:/ST/STM32CubeCLT_1.17.0/GNU-tools-for-STM32/bin/../lib/gcc/arm-none-eabi/12.3.1/../../../../arm-none-eabi/lib/thumb/v7e-m+dp/hard\libc_nano.a(libc_a-exit.o) (__stdio_exit_handler)
C:/ST/STM32CubeCLT_1.17.0/GNU-tools-for-STM32/bin/../lib/gcc/arm-none-eabi/12.3.1/../../../../arm-none-eabi/lib/thumb/v7e-m+dp/hard\libc_nano.a(libc_a-fwalk.o)
                              C:/ST/STM32CubeCLT_1.17.0/GNU-tools-for-STM32/bin/../lib/gcc/arm-none-eabi/12.3.1/../../../../arm-none-eabi/lib/thumb/v7e-m+dp/hard\libc_nano.a(libc_a-findfp.o) (_fwalk_sglue)
C:/ST/STM32CubeCLT_1.17.0/GNU-tools-for-STM32/bin/../lib/gcc/arm-none-eabi/12.3.1/../../../../arm-none-eabi/lib/thumb/v7e-m+dp/hard\libc_nano.a(libc_a-stdio.o)
                              C:/ST/STM32CubeCLT_1.17.0/GNU-tools-for-STM32/bin/../lib/gcc/arm-none-eabi/12.3.1/../../../../arm-none-eabi/lib/thumb/v7e-m+dp/hard\libc_nano.a(libc_a-findfp.o) (__sread)
C:/ST/STM32CubeCLT_1.17.0/GNU-tools-for-STM32/bin/../lib/gcc/arm-none-eabi/12.3.1/../../../../arm-none-eabi/lib/thumb/v7e-m+dp/hard\libc_nano.a(libc_a-memset.o)
                              C:/ST/STM32CubeCLT_1.17.0/GNU-tools-for-STM32/bin/../lib/gcc/arm-none-eabi/12.3.1/../../../../arm-none-eabi/lib/thumb/v7e-m+dp/hard/crt0.o (memset)
C:/ST/STM32CubeCLT_1.17.0/GNU-tools-for-STM32/bin/../lib/gcc/arm-none-eabi/12.3.1/../../../../arm-none-eabi/lib/thumb/v7e-m+dp/hard\libc_nano.a(libc_a-closer.o)
                              C:/ST/STM32CubeCLT_1.17.0/GNU-tools-for-STM32/bin/../lib/gcc/arm-none-eabi/12.3.1/../../../../arm-none-eabi/lib/thumb/v7e-m+dp/hard\libc_nano.a(libc_a-stdio.o) (_close_r)
C:/ST/STM32CubeCLT_1.17.0/GNU-tools-for-STM32/bin/../lib/gcc/arm-none-eabi/12.3.1/../../../../arm-none-eabi/lib/thumb/v7e-m+dp/hard\libc_nano.a(libc_a-reent.o)
                              C:/ST/STM32CubeCLT_1.17.0/GNU-tools-for-STM32/bin/../lib/gcc/arm-none-eabi/12.3.1/../../../../arm-none-eabi/lib/thumb/v7e-m+dp/hard\libc_nano.a(libc_a-closer.o) (errno)
C:/ST/STM32CubeCLT_1.17.0/GNU-tools-for-STM32/bin/../lib/gcc/arm-none-eabi/12.3.1/../../../../arm-none-eabi/lib/thumb/v7e-m+dp/hard\libc_nano.a(libc_a-impure.o)
                              C:/ST/STM32CubeCLT_1.17.0/GNU-tools-for-STM32/bin/../lib/gcc/arm-none-eabi/12.3.1/../../../../arm-none-eabi/lib/thumb/v7e-m+dp/hard\libc_nano.a(libc_a-reent.o) (_impure_ptr)
C:/ST/STM32CubeCLT_1.17.0/GNU-tools-for-STM32/bin/../lib/gcc/arm-none-eabi/12.3.1/../../../../arm-none-eabi/lib/thumb/v7e-m+dp/hard\libc_nano.a(libc_a-lseekr.o)
                              C:/ST/STM32CubeCLT_1.17.0/GNU-tools-for-STM32/bin/../lib/gcc/arm-none-eabi/12.3.1/../../../../arm-none-eabi/lib/thumb/v7e-m+dp/hard\libc_nano.a(libc_a-stdio.o) (_lseek_r)
C:/ST/STM32CubeCLT_1.17.0/GNU-tools-for-STM32/bin/../lib/gcc/arm-none-eabi/12.3.1/../../../../arm-none-eabi/lib/thumb/v7e-m+dp/hard\libc_nano.a(libc_a-readr.o)
                              C:/ST/STM32CubeCLT_1.17.0/GNU-tools-for-STM32/bin/../lib/gcc/arm-none-eabi/12.3.1/../../../../arm-none-eabi/lib/thumb/v7e-m+dp/hard\libc_nano.a(libc_a-stdio.o) (_read_r)
C:/ST/STM32CubeCLT_1.17.0/GNU-tools-for-STM32/bin/../lib/gcc/arm-none-eabi/12.3.1/../../../../arm-none-eabi/lib/thumb/v7e-m+dp/hard\libc_nano.a(libc_a-writer.o)
                              C:/ST/STM32CubeCLT_1.17.0/GNU-tools-for-STM32/bin/../lib/gcc/arm-none-eabi/12.3.1/../../../../arm-none-eabi/lib/thumb/v7e-m+dp/hard\libc_nano.a(libc_a-stdio.o) (_write_r)
C:/ST/STM32CubeCLT_1.17.0/GNU-tools-for-STM32/bin/../lib/gcc/arm-none-eabi/12.3.1/../../../../arm-none-eabi/lib/thumb/v7e-m+dp/hard\libc_nano.a(libc_a-init.o)
                              C:/ST/STM32CubeCLT_1.17.0/GNU-tools-for-STM32/bin/../lib/gcc/arm-none-eabi/12.3.1/../../../../arm-none-eabi/lib/thumb/v7e-m+dp/hard/crt0.o (__libc_init_array)
C:/ST/STM32CubeCLT_1.17.0/GNU-tools-for-STM32/bin/../lib/gcc/arm-none-eabi/12.3.1/../../../../arm-none-eabi/lib/thumb/v7e-m+dp/hard\libc_nano.a(libc_a-lock.o)
                              C:/ST/STM32CubeCLT_1.17.0/GNU-tools-for-STM32/bin/../lib/gcc/arm-none-eabi/12.3.1/../../../../arm-none-eabi/lib/thumb/v7e-m+dp/hard\libc_nano.a(libc_a-findfp.o) (__retarget_lock_init_recursive)
C:/ST/STM32CubeCLT_1.17.0/GNU-tools-for-STM32/bin/../lib/gcc/arm-none-eabi/12.3.1/../../../../arm-none-eabi/lib/thumb/v7e-m+dp/hard\libc_nano.a(libc_a-freer.o)
[...]
Memory Configuration

Name             Origin             Length             Attributes
DTCMRAM          0x20000000         0x00020000         xrw
RAM              0x24000000         0x00080000         xrw
RAM_D2           0x30000000         0x00048000         xrw
RAM_D3           0x38000000         0x00010000         xrw
ITCMRAM          0x00000000         0x00010000         xrw
FLASH            0x08000000         0x00200000         xr
*default*        0x00000000         0xffffffff

Linker script and memory map

LOAD C:/ST/STM32CubeCLT_1.17.0/GNU-tools-for-STM32/bin/../lib/gcc/arm-none-eabi/12.3.1/thumb/v7e-m+dp/hard/crti.o
LOAD C:/ST/STM32CubeCLT_1.17.0/GNU-tools-for-STM32/bin/../lib/gcc/arm-none-eabi/12.3.1/thumb/v7e-m+dp/hard/crtbegin.o
LOAD C:/ST/STM32CubeCLT_1.17.0/GNU-tools-for-STM32/bin/../lib/gcc/arm-none-eabi/12.3.1/../../../../arm-none-eabi/lib/thumb/v7e-m+dp/hard/crt0.o
START GROUP
LOAD C:/ST/STM32CubeCLT_1.17.0/GNU-tools-for-STM32/bin/../lib/gcc/arm-none-eabi/12.3.1/../../../../arm-none-eabi/lib/thumb/v7e-m+dp/hard\libc_nano.a
LOAD C:/ST/STM32CubeCLT_1.17.0/GNU-tools-for-STM32/bin/../lib/gcc/arm-none-eabi/12.3.1/../../../../arm-none-eabi/lib/thumb/v7e-m+dp/hard\libm.a
END GROUP
LOAD CMakeFiles/FreeRTOS_Tasks.dir/Core/Src/main.c.obj
LOAD CMakeFiles/FreeRTOS_Tasks.dir/Core/Src/freertos.c.obj
LOAD CMakeFiles/FreeRTOS_Tasks.dir/Core/Src/stm32h7xx_it.c.obj
LOAD CMakeFiles/FreeRTOS_Tasks.dir/Core/Src/stm32h7xx_hal_msp.c.obj
LOAD CMakeFiles/FreeRTOS_Tasks.dir/Core/Src/stm32h7xx_hal_timebase_tim.c.obj
LOAD CMakeFiles/FreeRTOS_Tasks.dir/Drivers/STM32H7xx_HAL_Driver/Src/stm32h7xx_hal_tim.c.obj
LOAD CMakeFiles/FreeRTOS_Tasks.dir/Drivers/STM32H7xx_HAL_Driver/Src/stm32h7xx_hal_tim_ex.c.obj
LOAD CMakeFiles/FreeRTOS_Tasks.dir/Drivers/STM32H7xx_HAL_Driver/Src/stm32h7xx_hal_cortex.c.obj
LOAD CMakeFiles/FreeRTOS_Tasks.dir/Drivers/STM32H7xx_HAL_Driver/Src/stm32h7xx_hal_rcc.c.obj
LOAD CMakeFiles/FreeRTOS_Tasks.dir/Drivers/STM32H7xx_HAL_Driver/Src/stm32h7xx_hal_rcc_ex.c.obj
LOAD CMakeFiles/FreeRTOS_Tasks.dir/Drivers/STM32H7xx_HAL_Driver/Src/stm32h7xx_hal_flash.c.obj
LOAD CMakeFiles/FreeRTOS_Tasks.dir/Drivers/STM32H7xx_HAL_Driver/Src/stm32h7xx_hal_flash_ex.c.obj
LOAD CMakeFiles/FreeRTOS_Tasks.dir/Drivers/STM32H7xx_HAL_Driver/Src/stm32h7xx_hal_gpio.c.obj
LOAD CMakeFiles/FreeRTOS_Tasks.dir/Drivers/STM32H7xx_HAL_Driver/Src/stm32h7xx_hal_hsem.c.obj
LOAD CMakeFiles/FreeRTOS_Tasks.dir/Drivers/STM32H7xx_HAL_Driver/Src/stm32h7xx_hal_dma.c.obj
LOAD CMakeFiles/FreeRTOS_Tasks.dir/Drivers/STM32H7xx_HAL_Driver/Src/stm32h7xx_hal_dma_ex.c.obj
LOAD CMakeFiles/FreeRTOS_Tasks.dir/Drivers/STM32H7xx_HAL_Driver/Src/stm32h7xx_hal_mdma.c.obj
LOAD CMakeFiles/FreeRTOS_Tasks.dir/Drivers/STM32H7xx_HAL_Driver/Src/stm32h7xx_hal_pwr.c.obj
LOAD CMakeFiles/FreeRTOS_Tasks.dir/Drivers/STM32H7xx_HAL_Driver/Src/stm32h7xx_hal_pwr_ex.c.obj
LOAD CMakeFiles/FreeRTOS_Tasks.dir/Drivers/STM32H7xx_HAL_Driver/Src/stm32h7xx_hal.c.obj
LOAD CMakeFiles/FreeRTOS_Tasks.dir/Drivers/STM32H7xx_HAL_Driver/Src/stm32h7xx_hal_i2c.c.obj
LOAD CMakeFiles/FreeRTOS_Tasks.dir/Drivers/STM32H7xx_HAL_Driver/Src/stm32h7xx_hal_i2c_ex.c.obj
LOAD CMakeFiles/FreeRTOS_Tasks.dir/Drivers/STM32H7xx_HAL_Driver/Src/stm32h7xx_hal_exti.c.obj
LOAD CMakeFiles/FreeRTOS_Tasks.dir/Core/Src/system_stm32h7xx.c.obj
LOAD CMakeFiles/FreeRTOS_Tasks.dir/Middlewares/Third_Party/FreeRTOS/Source/croutine.c.obj
LOAD CMakeFiles/FreeRTOS_Tasks.dir/Middlewares/Third_Party/FreeRTOS/Source/event_groups.c.obj
LOAD CMakeFiles/FreeRTOS_Tasks.dir/Middlewares/Third_Party/FreeRTOS/Source/list.c.obj
LOAD CMakeFiles/FreeRTOS_Tasks.dir/Middlewares/Third_Party/FreeRTOS/Source/queue.c.obj
LOAD CMakeFiles/FreeRTOS_Tasks.dir/Middlewares/Third_Party/FreeRTOS/Source/stream_buffer.c.obj
LOAD CMakeFiles/FreeRTOS_Tasks.dir/Middlewares/Third_Party/FreeRTOS/Source/tasks.c.obj
LOAD CMakeFiles/FreeRTOS_Tasks.dir/Middlewares/Third_Party/FreeRTOS/Source/timers.c.obj
LOAD CMakeFiles/FreeRTOS_Tasks.dir/Middlewares/Third_Party/FreeRTOS/Source/CMSIS_RTOS_V2/cmsis_os2.c.obj
LOAD CMakeFiles/FreeRTOS_Tasks.dir/Middlewares/Third_Party/FreeRTOS/Source/portable/MemMang/heap_4.c.obj
LOAD CMakeFiles/FreeRTOS_Tasks.dir/Middlewares/Third_Party/FreeRTOS/Source/portable/GCC/ARM_CM4F/port.c.obj
LOAD CMakeFiles/FreeRTOS_Tasks.dir/Core/Src/sysmem.c.obj
LOAD CMakeFiles/FreeRTOS_Tasks.dir/Core/Src/syscalls.c.obj
LOAD CMakeFiles/FreeRTOS_Tasks.dir/startup_stm32h743xx.s.obj
START GROUP
LOAD C:/ST/STM32CubeCLT_1.17.0/GNU-tools-for-STM32/bin/../lib/gcc/arm-none-eabi/12.3.1/thumb/v7e-m+dp/hard\libgcc.a
LOAD C:/ST/STM32CubeCLT_1.17.0/GNU-tools-for-STM32/bin/../lib/gcc/arm-none-eabi/12.3.1/../../../../arm-none-eabi/lib/thumb/v7e-m+dp/hard\libg_nano.a
LOAD C:/ST/STM32CubeCLT_1.17.0/GNU-tools-for-STM32/bin/../lib/gcc/arm-none-eabi/12.3.1/../../../../arm-none-eabi/lib/thumb/v7e-m+dp/hard\libc_nano.a
END GROUP
START GROUP
LOAD C:/ST/STM32CubeCLT_1.17.0/GNU-tools-for-STM32/bin/../lib/gcc/arm-none-eabi/12.3.1/thumb/v7e-m+dp/hard\libgcc.a
LOAD C:/ST/STM32CubeCLT_1.17.0/GNU-tools-for-STM32/bin/../lib/gcc/arm-none-eabi/12.3.1/../../../../arm-none-eabi/lib/thumb/v7e-m+dp/hard\libc_nano.a
END GROUP
LOAD C:/ST/STM32CubeCLT_1.17.0/GNU-tools-for-STM32/bin/../lib/gcc/arm-none-eabi/12.3.1/thumb/v7e-m+dp/hard/crtend.o
LOAD C:/ST/STM32CubeCLT_1.17.0/GNU-tools-for-STM32/bin/../lib/gcc/arm-none-eabi/12.3.1/thumb/v7e-m+dp/hard/crtn.o
                0x20020000                        _estack = (ORIGIN (DTCMRAM) + LENGTH (DTCMRAM))
                0x00000200                        _Min_Heap_Size = 0x200
                0x00000400                        _Min_Stack_Size = 0x400

.isr_vector     0x08000000      0x298
                0x08000000                        . = ALIGN (0x4)
 *(.isr_vector)
 .isr_vector    0x08000000      0x298 CMakeFiles/FreeRTOS_Tasks.dir/startup_stm32h743xx.s.obj
                0x08000000                g_pfnVectors
                0x08000298                        . = ALIGN (0x4)

.text           0x080002a0     0x4b48
                0x080002a0                        . = ALIGN (0x4)
 *(.text)
 .text          0x080002a0       0x40 C:/ST/STM32CubeCLT_1.17.0/GNU-tools-for-STM32/bin/../lib/gcc/arm-none-eabi/12.3.1/thumb/v7e-m+dp/hard/crtbegin.o
 *(.text*)
 .text.memset   0x080002e0       0x10 C:/ST/STM32CubeCLT_1.17.0/GNU-tools-for-STM32/bin/../lib/gcc/arm-none-eabi/12.3.1/../../../../arm-none-eabi/lib/thumb/v7e-m+dp/hard\libc_nano.a(libc_a-memset.o)
                0x080002e0                memset
 .text.__libc_init_array
                0x080002f0       0x48 C:/ST/STM32CubeCLT_1.17.0/GNU-tools-for-STM32/bin/../lib/gcc/arm-none-eabi/12.3.1/../../../../arm-none-eabi/lib/thumb/v7e-m+dp/hard\libc_nano.a(libc_a-init.o)
                0x080002f0                __libc_init_array
 .text.ITM_SendChar
                0x08000338       0x4e CMakeFiles/FreeRTOS_Tasks.dir/Core/Src/main.c.obj
 *fill*         0x08000386        0x2 
 .text.main     0x08000388       0x74 CMakeFiles/FreeRTOS_Tasks.dir/Core/Src/main.c.obj
                0x08000388                main
 .text.SystemClock_Config
                0x080003fc       0xf4 CMakeFiles/FreeRTOS_Tasks.dir/Core/Src/main.c.obj
                0x080003fc                SystemClock_Config
 .text.MX_GPIO_Init
                0x080004f0       0x54 CMakeFiles/FreeRTOS_Tasks.dir/Core/Src/main.c.obj
 .text.Task_action
                0x08000544       0x20 CMakeFiles/FreeRTOS_Tasks.dir/Core/Src/main.c.obj
                0x08000544                Task_action
 .text.StartDefaultTask
                0x08000564       0x10 CMakeFiles/FreeRTOS_Tasks.dir/Core/Src/main.c.obj
                0x08000564                StartDefaultTask
 .text.StartTask1
                0x08000574       0x58 CMakeFiles/FreeRTOS_Tasks.dir/Core/Src/main.c.obj
                0x08000574                StartTask1
 .text.StartTask2
                0x080005cc       0x28 CMakeFiles/FreeRTOS_Tasks.dir/Core/Src/main.c.obj
                0x080005cc                StartTask2
 .text.MPU_Config
                0x080005f4       0x58 CMakeFiles/FreeRTOS_Tasks.dir/Core/Src/main.c.obj
 .text.Error_Handler
                0x0800064c        0xc CMakeFiles/FreeRTOS_Tasks.dir/Core/Src/main.c.obj
                0x0800064c                Error_Handler
 .text.NMI_Handler
                0x08000658        0x8 CMakeFiles/FreeRTOS_Tasks.dir/Core/Src/stm32h7xx_it.c.obj
                0x08000658                NMI_Handler
 .text.HardFault_Handler
                0x08000660        0x8 CMakeFiles/FreeRTOS_Tasks.dir/Core/Src/stm32h7xx_it.c.obj
                0x08000660                HardFault_Handler
 .text.MemManage_Handler
                0x08000668        0x8 CMakeFiles/FreeRTOS_Tasks.dir/Core/Src/stm32h7xx_it.c.obj
                0x08000668                MemManage_Handler
 .text.BusFault_Handler
                0x08000670        0x8 CMakeFiles/FreeRTOS_Tasks.dir/Core/Src/stm32h7xx_it.c.obj
                0x08000670                BusFault_Handler
 .text.UsageFault_Handler
                0x08000678        0x8 CMakeFiles/FreeRTOS_Tasks.dir/Core/Src/stm32h7xx_it.c.obj
                0x08000678                UsageFault_Handler
 .text.DebugMon_Handler
                0x08000680        0xe CMakeFiles/FreeRTOS_Tasks.dir/Core/Src/stm32h7xx_it.c.obj
                0x08000680                DebugMon_Handler
 *fill*         0x0800068e        0x2 
 .text.HAL_MspInit
                0x08000690       0x3c CMakeFiles/FreeRTOS_Tasks.dir/Core/Src/stm32h7xx_hal_msp.c.obj
                0x08000690                HAL_MspInit
 .text.HAL_InitTick
                0x080006cc       0xd8 CMakeFiles/FreeRTOS_Tasks.dir/Core/Src/stm32h7xx_hal_timebase_tim.c.obj
                0x080006cc                HAL_InitTick
 .text.HAL_TIM_Base_Init
                0x080007a4       0xae CMakeFiles/FreeRTOS_Tasks.dir/Drivers/STM32H7xx_HAL_Driver/Src/stm32h7xx_hal_tim.c.obj
                0x080007a4                HAL_TIM_Base_Init
 .text.HAL_TIM_Base_MspInit
                0x08000852       0x14 CMakeFiles/FreeRTOS_Tasks.dir/Drivers/STM32H7xx_HAL_Driver/Src/stm32h7xx_hal_tim.c.obj
                0x08000852                HAL_TIM_Base_MspInit
 *fill*         0x08000866        0x2 
 .text.HAL_TIM_Base_Start_IT
                0x08000868       0xf0 CMakeFiles/FreeRTOS_Tasks.dir/Drivers/STM32H7xx_HAL_Driver/Src/stm32h7xx_hal_tim.c.obj
                0x08000868                HAL_TIM_Base_Start_IT
 .text.TIM_Base_SetConfig
                0x08000958      0x140 CMakeFiles/FreeRTOS_Tasks.dir/Drivers/STM32H7xx_HAL_Driver/Src/stm32h7xx_hal_tim.c.obj
                0x08000958                TIM_Base_SetConfig
 .text.__NVIC_SetPriorityGrouping
                0x08000a98       0x48 CMakeFiles/FreeRTOS_Tasks.dir/Drivers/STM32H7xx_HAL_Driver/Src/stm32h7xx_hal_cortex.c.obj
 .text.__NVIC_GetPriorityGrouping
                0x08000ae0       0x1c CMakeFiles/FreeRTOS_Tasks.dir/Drivers/STM32H7xx_HAL_Driver/Src/stm32h7xx_hal_cortex.c.obj
 .text.__NVIC_EnableIRQ
                0x08000afc       0x3c CMakeFiles/FreeRTOS_Tasks.dir/Drivers/STM32H7xx_HAL_Driver/Src/stm32h7xx_hal_cortex.c.obj
 .text.__NVIC_SetPriority
                0x08000b38       0x54 CMakeFiles/FreeRTOS_Tasks.dir/Drivers/STM32H7xx_HAL_Driver/Src/stm32h7xx_hal_cortex.c.obj
 .text.NVIC_EncodePriority
                0x08000b8c       0x66 CMakeFiles/FreeRTOS_Tasks.dir/Drivers/STM32H7xx_HAL_Driver/Src/stm32h7xx_hal_cortex.c.obj
 .text.HAL_NVIC_SetPriorityGrouping
                0x08000bf2       0x16 CMakeFiles/FreeRTOS_Tasks.dir/Drivers/STM32H7xx_HAL_Driver/Src/stm32h7xx_hal_cortex.c.obj
                0x08000bf2                HAL_NVIC_SetPriorityGrouping
 .text.HAL_NVIC_SetPriority
                0x08000c08       0x34 CMakeFiles/FreeRTOS_Tasks.dir/Drivers/STM32H7xx_HAL_Driver/Src/stm32h7xx_hal_cortex.c.obj
                0x08000c08                HAL_NVIC_SetPriority
 .text.HAL_NVIC_EnableIRQ
                0x08000c3c       0x1c CMakeFiles/FreeRTOS_Tasks.dir/Drivers/STM32H7xx_HAL_Driver/Src/stm32h7xx_hal_cortex.c.obj
                0x08000c3c                HAL_NVIC_EnableIRQ
 .text.HAL_MPU_Disable
                0x08000c58       0x30 CMakeFiles/FreeRTOS_Tasks.dir/Drivers/STM32H7xx_HAL_Driver/Src/stm32h7xx_hal_cortex.c.obj
                0x08000c58                HAL_MPU_Disable
 .text.HAL_MPU_Enable
                0x08000c88       0x40 CMakeFiles/FreeRTOS_Tasks.dir/Drivers/STM32H7xx_HAL_Driver/Src/stm32h7xx_hal_cortex.c.obj
                0x08000c88                HAL_MPU_Enable
 .text.HAL_MPU_ConfigRegion
                0x08000cc8       0x80 CMakeFiles/FreeRTOS_Tasks.dir/Drivers/STM32H7xx_HAL_Driver/Src/stm32h7xx_hal_cortex.c.obj
                0x08000cc8                HAL_MPU_ConfigRegion
 .text.HAL_RCC_OscConfig
                0x08000d48      0x8b4 CMakeFiles/FreeRTOS_Tasks.dir/Drivers/STM32H7xx_HAL_Driver/Src/stm32h7xx_hal_rcc.c.obj
                0x08000d48                HAL_RCC_OscConfig
 .text.HAL_RCC_ClockConfig
                0x080015fc      0x36c CMakeFiles/FreeRTOS_Tasks.dir/Drivers/STM32H7xx_HAL_Driver/Src/stm32h7xx_hal_rcc.c.obj
                0x080015fc                HAL_RCC_ClockConfig
 .text.HAL_RCC_GetSysClockFreq
                0x08001968      0x2f4 CMakeFiles/FreeRTOS_Tasks.dir/Drivers/STM32H7xx_HAL_Driver/Src/stm32h7xx_hal_rcc.c.obj
                0x08001968                HAL_RCC_GetSysClockFreq
 .text.HAL_RCC_GetHCLKFreq
                0x08001c5c       0x60 CMakeFiles/FreeRTOS_Tasks.dir/Drivers/STM32H7xx_HAL_Driver/Src/stm32h7xx_hal_rcc.c.obj
                0x08001c5c                HAL_RCC_GetHCLKFreq
 .text.HAL_RCC_GetPCLK1Freq
                0x08001cbc       0x2c CMakeFiles/FreeRTOS_Tasks.dir/Drivers/STM32H7xx_HAL_Driver/Src/stm32h7xx_hal_rcc.c.obj
                0x08001cbc                HAL_RCC_GetPCLK1Freq
 .text.HAL_RCC_GetClockConfig
                0x08001ce8       0x84 CMakeFiles/FreeRTOS_Tasks.dir/Drivers/STM32H7xx_HAL_Driver/Src/stm32h7xx_hal_rcc.c.obj
                0x08001ce8                HAL_RCC_GetClockConfig
 .text.HAL_PWREx_ConfigSupply
                0x08001d6c       0x74 CMakeFiles/FreeRTOS_Tasks.dir/Drivers/STM32H7xx_HAL_Driver/Src/stm32h7xx_hal_pwr_ex.c.obj
                0x08001d6c                HAL_PWREx_ConfigSupply
 .text.HAL_Init
                0x08001de0       0x78 CMakeFiles/FreeRTOS_Tasks.dir/Drivers/STM32H7xx_HAL_Driver/Src/stm32h7xx_hal.c.obj
                0x08001de0                HAL_Init
 .text.HAL_GetTick
                0x08001e58       0x18 CMakeFiles/FreeRTOS_Tasks.dir/Drivers/STM32H7xx_HAL_Driver/Src/stm32h7xx_hal.c.obj
                0x08001e58                HAL_GetTick
 .text.HAL_GetREVID
                0x08001e70       0x18 CMakeFiles/FreeRTOS_Tasks.dir/Drivers/STM32H7xx_HAL_Driver/Src/stm32h7xx_hal.c.obj
                0x08001e70                HAL_GetREVID
 .text.SystemInit
                0x08001e88      0x110 CMakeFiles/FreeRTOS_Tasks.dir/Core/Src/system_stm32h7xx.c.obj
                0x08001e88                SystemInit
 .text.ExitRun0Mode
                0x08001f98       0x30 CMakeFiles/FreeRTOS_Tasks.dir/Core/Src/system_stm32h7xx.c.obj
                0x08001f98                ExitRun0Mode
 .text.vListInitialise
                0x08001fc8       0x40 CMakeFiles/FreeRTOS_Tasks.dir/Middlewares/Third_Party/FreeRTOS/Source/list.c.obj
                0x08001fc8                vListInitialise
 .text.vListInitialiseItem
                0x08002008       0x1a CMakeFiles/FreeRTOS_Tasks.dir/Middlewares/Third_Party/FreeRTOS/Source/list.c.obj
                0x08002008                vListInitialiseItem
 .text.vListInsertEnd
                0x08002022       0x48 CMakeFiles/FreeRTOS_Tasks.dir/Middlewares/Third_Party/FreeRTOS/Source/list.c.obj
                0x08002022                vListInsertEnd
 .text.vListInsert
                0x0800206a       0x72 CMakeFiles/FreeRTOS_Tasks.dir/Middlewares/Third_Party/FreeRTOS/Source/list.c.obj
                0x0800206a                vListInsert
 .text.uxListRemove
                0x080020dc       0x54 CMakeFiles/FreeRTOS_Tasks.dir/Middlewares/Third_Party/FreeRTOS/Source/list.c.obj
                0x080020dc                uxListRemove
 .text.xQueueGenericReset
                0x08002130       0xd4 CMakeFiles/FreeRTOS_Tasks.dir/Middlewares/Third_Party/FreeRTOS/Source/queue.c.obj
                0x08002130                xQueueGenericReset
 .text.xQueueGenericCreateStatic
                0x08002204       0xfa CMakeFiles/FreeRTOS_Tasks.dir/Middlewares/Third_Party/FreeRTOS/Source/queue.c.obj
                0x08002204                xQueueGenericCreateStatic
 .text.prvInitialiseNewQueue
                0x080022fe       0x46 CMakeFiles/FreeRTOS_Tasks.dir/Middlewares/Third_Party/FreeRTOS/Source/queue.c.obj
 .text.xQueueGenericSend
                0x08002344      0x204 CMakeFiles/FreeRTOS_Tasks.dir/Middlewares/Third_Party/FreeRTOS/Source/queue.c.obj
                0x08002344                xQueueGenericSend
 .text.xQueueGenericSendFromISR
                0x08002548      0x13c CMakeFiles/FreeRTOS_Tasks.dir/Middlewares/Third_Party/FreeRTOS/Source/queue.c.obj
                0x08002548                xQueueGenericSendFromISR
 .text.xQueueReceive
                0x08002684      0x1c4 CMakeFiles/FreeRTOS_Tasks.dir/Middlewares/Third_Party/FreeRTOS/Source/queue.c.obj
                0x08002684                xQueueReceive
 .text.prvCopyDataToQueue
                0x08002848       0xd4 CMakeFiles/FreeRTOS_Tasks.dir/Middlewares/Third_Party/FreeRTOS/Source/queue.c.obj
 .text.prvCopyDataFromQueue
                0x0800291c       0x4c CMakeFiles/FreeRTOS_Tasks.dir/Middlewares/Third_Party/FreeRTOS/Source/queue.c.obj
 .text.prvUnlockQueue
                0x08002968       0xa4 CMakeFiles/FreeRTOS_Tasks.dir/Middlewares/Third_Party/FreeRTOS/Source/queue.c.obj
 .text.prvIsQueueEmpty
                0x08002a0c       0x2c CMakeFiles/FreeRTOS_Tasks.dir/Middlewares/Third_Party/FreeRTOS/Source/queue.c.obj
 .text.prvIsQueueFull
                0x08002a38       0x30 CMakeFiles/FreeRTOS_Tasks.dir/Middlewares/Third_Party/FreeRTOS/Source/queue.c.obj
 .text.vQueueAddToRegistry
                0x08002a68       0x54 CMakeFiles/FreeRTOS_Tasks.dir/Middlewares/Third_Party/FreeRTOS/Source/queue.c.obj
                0x08002a68                vQueueAddToRegistry
 .text.vQueueWaitForMessageRestricted
                0x08002abc       0x68 CMakeFiles/FreeRTOS_Tasks.dir/Middlewares/Third_Party/FreeRTOS/Source/queue.c.obj
                0x08002abc                vQueueWaitForMessageRestricted
 .text.xTaskCreateStatic
                0x08002b24       0xc0 CMakeFiles/FreeRTOS_Tasks.dir/Middlewares/Third_Party/FreeRTOS/Source/tasks.c.obj
                0x08002b24                xTaskCreateStatic
 .text.xTaskCreate
                0x08002be4       0x8a CMakeFiles/FreeRTOS_Tasks.dir/Middlewares/Third_Party/FreeRTOS/Source/tasks.c.obj
                0x08002be4                xTaskCreate
 .text.prvInitialiseNewTask
                0x08002c6e      0x120 CMakeFiles/FreeRTOS_Tasks.dir/Middlewares/Third_Party/FreeRTOS/Source/tasks.c.obj
 *fill*         0x08002d8e        0x2 
 .text.prvAddNewTaskToReadyList
                0x08002d90       0xe0 CMakeFiles/FreeRTOS_Tasks.dir/Middlewares/Third_Party/FreeRTOS/Source/tasks.c.obj
 .text.vTaskDelete
                0x08002e70       0xe8 CMakeFiles/FreeRTOS_Tasks.dir/Middlewares/Third_Party/FreeRTOS/Source/tasks.c.obj
                0x08002e70                vTaskDelete
 .text.vTaskDelay
                0x08002f58       0x6c CMakeFiles/FreeRTOS_Tasks.dir/Middlewares/Third_Party/FreeRTOS/Source/tasks.c.obj
                0x08002f58                vTaskDelay
 .text.eTaskGetState
                0x08002fc4       0xd0 CMakeFiles/FreeRTOS_Tasks.dir/Middlewares/Third_Party/FreeRTOS/Source/tasks.c.obj
                0x08002fc4                eTaskGetState
 .text.vTaskStartScheduler
                0x08003094       0xd0 CMakeFiles/FreeRTOS_Tasks.dir/Middlewares/Third_Party/FreeRTOS/Source/tasks.c.obj
                0x08003094                vTaskStartScheduler
 .text.vTaskSuspendAll
                0x08003164       0x1c CMakeFiles/FreeRTOS_Tasks.dir/Middlewares/Third_Party/FreeRTOS/Source/tasks.c.obj
                0x08003164                vTaskSuspendAll
 .text.xTaskResumeAll
                0x08003180      0x13c CMakeFiles/FreeRTOS_Tasks.dir/Middlewares/Third_Party/FreeRTOS/Source/tasks.c.obj
                0x08003180                xTaskResumeAll
 .text.xTaskGetTickCount
                0x080032bc       0x20 CMakeFiles/FreeRTOS_Tasks.dir/Middlewares/Third_Party/FreeRTOS/Source/tasks.c.obj
                0x080032bc                xTaskGetTickCount
 .text.xTaskIncrementTick
                0x080032dc      0x174 CMakeFiles/FreeRTOS_Tasks.dir/Middlewares/Third_Party/FreeRTOS/Source/tasks.c.obj
                0x080032dc                xTaskIncrementTick
 .text.vTaskSwitchContext
                0x08003450       0xbc CMakeFiles/FreeRTOS_Tasks.dir/Middlewares/Third_Party/FreeRTOS/Source/tasks.c.obj
                0x08003450                vTaskSwitchContext
 .text.vTaskPlaceOnEventList
                0x0800350c       0x4c CMakeFiles/FreeRTOS_Tasks.dir/Middlewares/Third_Party/FreeRTOS/Source/tasks.c.obj
                0x0800350c                vTaskPlaceOnEventList
 .text.vTaskPlaceOnEventListRestricted
                0x08003558       0x58 CMakeFiles/FreeRTOS_Tasks.dir/Middlewares/Third_Party/FreeRTOS/Source/tasks.c.obj
                0x08003558                vTaskPlaceOnEventListRestricted
 .text.xTaskRemoveFromEventList
                0x080035b0       0xc8 CMakeFiles/FreeRTOS_Tasks.dir/Middlewares/Third_Party/FreeRTOS/Source/tasks.c.obj
                0x080035b0                xTaskRemoveFromEventList
 .text.vTaskInternalSetTimeOutState
                0x08003678       0x2c CMakeFiles/FreeRTOS_Tasks.dir/Middlewares/Third_Party/FreeRTOS/Source/tasks.c.obj
                0x08003678                vTaskInternalSetTimeOutState
 .text.xTaskCheckForTimeOut
                0x080036a4       0xc8 CMakeFiles/FreeRTOS_Tasks.dir/Middlewares/Third_Party/FreeRTOS/Source/tasks.c.obj
                0x080036a4                xTaskCheckForTimeOut
 .text.vTaskMissedYield
                0x0800376c       0x18 CMakeFiles/FreeRTOS_Tasks.dir/Middlewares/Third_Party/FreeRTOS/Source/tasks.c.obj
                0x0800376c                vTaskMissedYield
 .text.prvIdleTask
                0x08003784       0x30 CMakeFiles/FreeRTOS_Tasks.dir/Middlewares/Third_Party/FreeRTOS/Source/tasks.c.obj
 .text.prvInitialiseTaskLists
                0x080037b4       0x80 CMakeFiles/FreeRTOS_Tasks.dir/Middlewares/Third_Party/FreeRTOS/Source/tasks.c.obj
 .text.prvCheckTasksWaitingTermination
                0x08003834       0x5c CMakeFiles/FreeRTOS_Tasks.dir/Middlewares/Third_Party/FreeRTOS/Source/tasks.c.obj
 .text.prvDeleteTCB
                0x08003890       0x60 CMakeFiles/FreeRTOS_Tasks.dir/Middlewares/Third_Party/FreeRTOS/Source/tasks.c.obj
 .text.prvResetNextTaskUnblockTime
                0x080038f0       0x40 CMakeFiles/FreeRTOS_Tasks.dir/Middlewares/Third_Party/FreeRTOS/Source/tasks.c.obj
 .text.xTaskGetSchedulerState
                0x08003930       0x3c CMakeFiles/FreeRTOS_Tasks.dir/Middlewares/Third_Party/FreeRTOS/Source/tasks.c.obj
                0x08003930                xTaskGetSchedulerState
 .text.xTaskPriorityDisinherit
                0x0800396c       0xe0 CMakeFiles/FreeRTOS_Tasks.dir/Middlewares/Third_Party/FreeRTOS/Source/tasks.c.obj
                0x0800396c                xTaskPriorityDisinherit
 .text.prvAddCurrentTaskToDelayedList
                0x08003a4c       0xa8 CMakeFiles/FreeRTOS_Tasks.dir/Middlewares/Third_Party/FreeRTOS/Source/tasks.c.obj
 .text.xTimerCreateTimerTask
                0x08003af4       0x94 CMakeFiles/FreeRTOS_Tasks.dir/Middlewares/Third_Party/FreeRTOS/Source/timers.c.obj
                0x08003af4                xTimerCreateTimerTask
 .text.xTimerGenericCommand
                0x08003b88       0x9c CMakeFiles/FreeRTOS_Tasks.dir/Middlewares/Third_Party/FreeRTOS/Source/timers.c.obj
                0x08003b88                xTimerGenericCommand
 .text.prvProcessExpiredTimer
                0x08003c24       0x9c CMakeFiles/FreeRTOS_Tasks.dir/Middlewares/Third_Party/FreeRTOS/Source/timers.c.obj
 .text.prvTimerTask
                0x08003cc0       0x26 CMakeFiles/FreeRTOS_Tasks.dir/Middlewares/Third_Party/FreeRTOS/Source/timers.c.obj
 *fill*         0x08003ce6        0x2 
 .text.prvProcessTimerOrBlockTask
                0x08003ce8       0x9c CMakeFiles/FreeRTOS_Tasks.dir/Middlewares/Third_Party/FreeRTOS/Source/timers.c.obj
 .text.prvGetNextExpireTime
                0x08003d84       0x48 CMakeFiles/FreeRTOS_Tasks.dir/Middlewares/Third_Party/FreeRTOS/Source/timers.c.obj
 .text.prvSampleTimeNow
                0x08003dcc       0x40 CMakeFiles/FreeRTOS_Tasks.dir/Middlewares/Third_Party/FreeRTOS/Source/timers.c.obj
 .text.prvInsertTimerInActiveList
                0x08003e0c       0x84 CMakeFiles/FreeRTOS_Tasks.dir/Middlewares/Third_Party/FreeRTOS/Source/timers.c.obj
 .text.prvProcessReceivedCommands
                0x08003e90      0x1cc CMakeFiles/FreeRTOS_Tasks.dir/Middlewares/Third_Party/FreeRTOS/Source/timers.c.obj
 .text.prvSwitchTimerLists
                0x0800405c       0xcc CMakeFiles/FreeRTOS_Tasks.dir/Middlewares/Third_Party/FreeRTOS/Source/timers.c.obj
 .text.prvCheckForValidListAndQueue
                0x08004128       0x80 CMakeFiles/FreeRTOS_Tasks.dir/Middlewares/Third_Party/FreeRTOS/Source/timers.c.obj
 .text.__NVIC_SetPriority
                0x080041a8       0x54 CMakeFiles/FreeRTOS_Tasks.dir/Middlewares/Third_Party/FreeRTOS/Source/CMSIS_RTOS_V2/cmsis_os2.c.obj
 .text.SysTick_Handler
                0x080041fc       0x20 CMakeFiles/FreeRTOS_Tasks.dir/Middlewares/Third_Party/FreeRTOS/Source/CMSIS_RTOS_V2/cmsis_os2.c.obj
                0x080041fc                SysTick_Handler
 .text.SVC_Setup
                0x0800421c       0x12 CMakeFiles/FreeRTOS_Tasks.dir/Middlewares/Third_Party/FreeRTOS/Source/CMSIS_RTOS_V2/cmsis_os2.c.obj
 *fill*         0x0800422e        0x2 
 .text.osKernelInitialize
                0x08004230       0x48 CMakeFiles/FreeRTOS_Tasks.dir/Middlewares/Third_Party/FreeRTOS/Source/CMSIS_RTOS_V2/cmsis_os2.c.obj
                0x08004230                osKernelInitialize
 .text.osKernelStart
                0x08004278       0x4c CMakeFiles/FreeRTOS_Tasks.dir/Middlewares/Third_Party/FreeRTOS/Source/CMSIS_RTOS_V2/cmsis_os2.c.obj
                0x08004278                osKernelStart
 .text.osThreadNew
                0x080042c4      0x124 CMakeFiles/FreeRTOS_Tasks.dir/Middlewares/Third_Party/FreeRTOS/Source/CMSIS_RTOS_V2/cmsis_os2.c.obj
                0x080042c4                osThreadNew
 .text.osThreadTerminate
                0x080043e8       0x5a CMakeFiles/FreeRTOS_Tasks.dir/Middlewares/Third_Party/FreeRTOS/Source/CMSIS_RTOS_V2/cmsis_os2.c.obj
                0x080043e8                osThreadTerminate
 .text.osDelay  0x08004442       0x36 CMakeFiles/FreeRTOS_Tasks.dir/Middlewares/Third_Party/FreeRTOS/Source/CMSIS_RTOS_V2/cmsis_os2.c.obj
                0x08004442                osDelay
 .text.vApplicationGetIdleTaskMemory
                0x08004478       0x34 CMakeFiles/FreeRTOS_Tasks.dir/Middlewares/Third_Party/FreeRTOS/Source/CMSIS_RTOS_V2/cmsis_os2.c.obj
                0x08004478                vApplicationGetIdleTaskMemory
 .text.vApplicationGetTimerTaskMemory
                0x080044ac       0x34 CMakeFiles/FreeRTOS_Tasks.dir/Middlewares/Third_Party/FreeRTOS/Source/CMSIS_RTOS_V2/cmsis_os2.c.obj
                0x080044ac                vApplicationGetTimerTaskMemory
 .text.pvPortMalloc
                0x080044e0      0x19c CMakeFiles/FreeRTOS_Tasks.dir/Middlewares/Third_Party/FreeRTOS/Source/portable/MemMang/heap_4.c.obj
                0x080044e0                pvPortMalloc
 .text.vPortFree
                0x0800467c       0xc8 CMakeFiles/FreeRTOS_Tasks.dir/Middlewares/Third_Party/FreeRTOS/Source/portable/MemMang/heap_4.c.obj
                0x0800467c                vPortFree
 .text.prvHeapInit
                0x08004744       0xc4 CMakeFiles/FreeRTOS_Tasks.dir/Middlewares/Third_Party/FreeRTOS/Source/portable/MemMang/heap_4.c.obj
 .text.prvInsertBlockIntoFreeList
                0x08004808       0xb4 CMakeFiles/FreeRTOS_Tasks.dir/Middlewares/Third_Party/FreeRTOS/Source/portable/MemMang/heap_4.c.obj
 .text.pxPortInitialiseStack
                0x080048bc       0x68 CMakeFiles/FreeRTOS_Tasks.dir/Middlewares/Third_Party/FreeRTOS/Source/portable/GCC/ARM_CM4F/port.c.obj
                0x080048bc                pxPortInitialiseStack
 .text.prvTaskExitError
                0x08004924       0x5c CMakeFiles/FreeRTOS_Tasks.dir/Middlewares/Third_Party/FreeRTOS/Source/portable/GCC/ARM_CM4F/port.c.obj
 .text.SVC_Handler
                0x08004980       0x28 CMakeFiles/FreeRTOS_Tasks.dir/Middlewares/Third_Party/FreeRTOS/Source/portable/GCC/ARM_CM4F/port.c.obj
                0x08004980                SVC_Handler
 .text.prvPortStartFirstTask
                0x080049a8       0x28 CMakeFiles/FreeRTOS_Tasks.dir/Middlewares/Third_Party/FreeRTOS/Source/portable/GCC/ARM_CM4F/port.c.obj
 .text.xPortStartScheduler
                0x080049d0      0x148 CMakeFiles/FreeRTOS_Tasks.dir/Middlewares/Third_Party/FreeRTOS/Source/portable/GCC/ARM_CM4F/port.c.obj
                0x080049d0                xPortStartScheduler
 .text.vPortEnterCritical
                0x08004b18       0x64 CMakeFiles/FreeRTOS_Tasks.dir/Middlewares/Third_Party/FreeRTOS/Source/portable/GCC/ARM_CM4F/port.c.obj
                0x08004b18                vPortEnterCritical
 .text.vPortExitCritical
                0x08004b7c       0x54 CMakeFiles/FreeRTOS_Tasks.dir/Middlewares/Third_Party/FreeRTOS/Source/portable/GCC/ARM_CM4F/port.c.obj
                0x08004b7c                vPortExitCritical
 .text.PendSV_Handler
                0x08004bd0       0x68 CMakeFiles/FreeRTOS_Tasks.dir/Middlewares/Third_Party/FreeRTOS/Source/portable/GCC/ARM_CM4F/port.c.obj
                0x08004bd0                PendSV_Handler
 .text.xPortSysTickHandler
                0x08004c38       0x44 CMakeFiles/FreeRTOS_Tasks.dir/Middlewares/Third_Party/FreeRTOS/Source/portable/GCC/ARM_CM4F/port.c.obj
                0x08004c38                xPortSysTickHandler
 .text.vPortSetupTimerInterrupt
                0x08004c7c       0x48 CMakeFiles/FreeRTOS_Tasks.dir/Middlewares/Third_Party/FreeRTOS/Source/portable/GCC/ARM_CM4F/port.c.obj
                0x08004c7c                vPortSetupTimerInterrupt
 .text.vPortEnableVFP
                0x08004cc4       0x14 CMakeFiles/FreeRTOS_Tasks.dir/Middlewares/Third_Party/FreeRTOS/Source/portable/GCC/ARM_CM4F/port.c.obj
 .text.vPortValidateInterruptPriority
                0x08004cd8       0x84 CMakeFiles/FreeRTOS_Tasks.dir/Middlewares/Third_Party/FreeRTOS/Source/portable/GCC/ARM_CM4F/port.c.obj
                0x08004cd8                vPortValidateInterruptPriority
 .text.Reset_Handler
                0x08004d5c       0x54 CMakeFiles/FreeRTOS_Tasks.dir/startup_stm32h743xx.s.obj
                0x08004d5c                Reset_Handler
 .text.Default_Handler
                0x08004db0        0x2 CMakeFiles/FreeRTOS_Tasks.dir/startup_stm32h743xx.s.obj
                0x08004db0                RTC_Alarm_IRQHandler
                0x08004db0                EXTI2_IRQHandler
                0x08004db0                TIM8_CC_IRQHandler
                0x08004db0                HRTIM1_Master_IRQHandler
                0x08004db0                UART8_IRQHandler
                0x08004db0                SPI4_IRQHandler
                0x08004db0                TIM1_CC_IRQHandler
                0x08004db0                BDMA_Channel6_IRQHandler
                0x08004db0                DMA2_Stream5_IRQHandler
                0x08004db0                HRTIM1_FLT_IRQHandler
                0x08004db0                JPEG_IRQHandler
                0x08004db0                DMA1_Stream5_IRQHandler
                0x08004db0                BDMA_Channel1_IRQHandler
                0x08004db0                HRTIM1_TIMD_IRQHandler
                0x08004db0                TAMP_STAMP_IRQHandler
                0x08004db0                EXTI3_IRQHandler
                0x08004db0                LPTIM4_IRQHandler
                0x08004db0                TIM8_TRG_COM_TIM14_IRQHandler
                0x08004db0                LPTIM2_IRQHandler
                0x08004db0                DFSDM1_FLT1_IRQHandler
                0x08004db0                DMAMUX2_OVR_IRQHandler
                0x08004db0                TIM8_UP_TIM13_IRQHandler
                0x08004db0                I2C3_ER_IRQHandler
                0x08004db0                DFSDM1_FLT2_IRQHandler
                0x08004db0                MDMA_IRQHandler
                0x08004db0                LPTIM3_IRQHandler
                0x08004db0                HSEM1_IRQHandler
                0x08004db0                EXTI0_IRQHandler
                0x08004db0                I2C2_EV_IRQHandler
                0x08004db0                DMA1_Stream2_IRQHandler
                0x08004db0                FPU_IRQHandler
                0x08004db0                OTG_HS_WKUP_IRQHandler
                0x08004db0                FDCAN1_IT1_IRQHandler
                0x08004db0                LTDC_ER_IRQHandler
                0x08004db0                DMA2_Stream2_IRQHandler
                0x08004db0                HRTIM1_TIME_IRQHandler
                0x08004db0                SPI1_IRQHandler
                0x08004db0                TIM6_DAC_IRQHandler
                0x08004db0                DCMI_IRQHandler
                0x08004db0                HRTIM1_TIMC_IRQHandler
                0x08004db0                DMA2_Stream3_IRQHandler
                0x08004db0                SAI2_IRQHandler
                0x08004db0                DFSDM1_FLT3_IRQHandler
                0x08004db0                USART6_IRQHandler
                0x08004db0                TIM17_IRQHandler
                0x08004db0                USART3_IRQHandler
                0x08004db0                BDMA_Channel7_IRQHandler
                0x08004db0                LPTIM5_IRQHandler
                0x08004db0                UART5_IRQHandler
                0x08004db0                ADC3_IRQHandler
                0x08004db0                DMA2_Stream0_IRQHandler
                0x08004db0                TIM4_IRQHandler
                0x08004db0                BDMA_Channel2_IRQHandler
                0x08004db0                QUADSPI_IRQHandler
                0x08004db0                I2C1_EV_IRQHandler
                0x08004db0                DMA1_Stream6_IRQHandler
                0x08004db0                DMAMUX1_OVR_IRQHandler
                0x08004db0                DMA1_Stream1_IRQHandler
                0x08004db0                TIM16_IRQHandler
                0x08004db0                UART4_IRQHandler
                0x08004db0                BDMA_Channel5_IRQHandler
                0x08004db0                TIM3_IRQHandler
                0x08004db0                RCC_IRQHandler
                0x08004db0                TIM8_BRK_TIM12_IRQHandler
                0x08004db0                TIM1_TRG_COM_IRQHandler
                0x08004db0                Default_Handler
                0x08004db0                ECC_IRQHandler
                0x08004db0                CEC_IRQHandler
                0x08004db0                EXTI15_10_IRQHandler
                0x08004db0                BDMA_Channel0_IRQHandler
                0x08004db0                ADC_IRQHandler
                0x08004db0                DMA1_Stream7_IRQHandler
                0x08004db0                HRTIM1_TIMA_IRQHandler
                0x08004db0                SPI5_IRQHandler
                0x08004db0                TIM7_IRQHandler
                0x08004db0                SDMMC1_IRQHandler
                0x08004db0                TIM5_IRQHandler
                0x08004db0                DMA2_Stream7_IRQHandler
                0x08004db0                TIM15_IRQHandler
                0x08004db0                PVD_AVD_IRQHandler
                0x08004db0                I2C3_EV_IRQHandler
                0x08004db0                EXTI9_5_IRQHandler
                0x08004db0                RTC_WKUP_IRQHandler
                0x08004db0                LTDC_IRQHandler
                0x08004db0                SAI3_IRQHandler
                0x08004db0                ETH_WKUP_IRQHandler
                0x08004db0                SPDIF_RX_IRQHandler
                0x08004db0                SPI2_IRQHandler
                0x08004db0                OTG_HS_EP1_IN_IRQHandler
                0x08004db0                DMA1_Stream0_IRQHandler
                0x08004db0                CRS_IRQHandler
                0x08004db0                EXTI4_IRQHandler
                0x08004db0                RNG_IRQHandler
                0x08004db0                HRTIM1_TIMB_IRQHandler
                0x08004db0                FDCAN2_IT1_IRQHandler
                0x08004db0                ETH_IRQHandler
                0x08004db0                TIM1_UP_IRQHandler
                0x08004db0                BDMA_Channel4_IRQHandler
                0x08004db0                OTG_HS_EP1_OUT_IRQHandler
                0x08004db0                WWDG_IRQHandler
                0x08004db0                SPI6_IRQHandler
                0x08004db0                MDIOS_IRQHandler
                0x08004db0                I2C4_EV_IRQHandler
                0x08004db0                FDCAN2_IT0_IRQHandler
                0x08004db0                LPUART1_IRQHandler
                0x08004db0                FDCAN1_IT0_IRQHandler
                0x08004db0                TIM2_IRQHandler
                0x08004db0                OTG_FS_WKUP_IRQHandler
                0x08004db0                OTG_HS_IRQHandler
                0x08004db0                DMA2D_IRQHandler
                0x08004db0                TIM1_BRK_IRQHandler
                0x08004db0                EXTI1_IRQHandler
                0x08004db0                SDMMC2_IRQHandler
                0x08004db0                OTG_FS_EP1_OUT_IRQHandler
                0x08004db0                BDMA_Channel3_IRQHandler
                0x08004db0                UART7_IRQHandler
                0x08004db0                MDIOS_WKUP_IRQHandler
                0x08004db0                USART2_IRQHandler
                0x08004db0                DFSDM1_FLT0_IRQHandler
                0x08004db0                SAI4_IRQHandler
                0x08004db0                I2C2_ER_IRQHandler
                0x08004db0                DMA2_Stream1_IRQHandler
                0x08004db0                FLASH_IRQHandler
                0x08004db0                DMA2_Stream4_IRQHandler
                0x08004db0                USART1_IRQHandler
                0x08004db0                OTG_FS_IRQHandler
                0x08004db0                SPI3_IRQHandler
                0x08004db0                WAKEUP_PIN_IRQHandler
                0x08004db0                DMA1_Stream4_IRQHandler
                0x08004db0                OTG_FS_EP1_IN_IRQHandler
                0x08004db0                I2C1_ER_IRQHandler
                0x08004db0                FMC_IRQHandler
                0x08004db0                FDCAN_CAL_IRQHandler
                0x08004db0                SWPMI1_IRQHandler
                0x08004db0                COMP1_IRQHandler
                0x08004db0                LPTIM1_IRQHandler
                0x08004db0                I2C4_ER_IRQHandler
                0x08004db0                DMA2_Stream6_IRQHandler
                0x08004db0                SAI1_IRQHandler
                0x08004db0                DMA1_Stream3_IRQHandler
 .text.memcpy   0x08004db2       0x1c C:/ST/STM32CubeCLT_1.17.0/GNU-tools-for-STM32/bin/../lib/gcc/arm-none-eabi/12.3.1/../../../../arm-none-eabi/lib/thumb/v7e-m+dp/hard\libg_nano.a(libc_a-memcpy-stub.o)
                0x08004db2                memcpy
 *(.glue_7)
 .glue_7        0x08004dce        0x0 linker stubs
 *(.glue_7t)
 .glue_7t       0x08004dce        0x0 linker stubs
 *(.eh_frame)
 *fill*         0x08004dce        0x2 
 .eh_frame      0x08004dd0        0x0 C:/ST/STM32CubeCLT_1.17.0/GNU-tools-for-STM32/bin/../lib/gcc/arm-none-eabi/12.3.1/thumb/v7e-m+dp/hard/crtbegin.o
 *(.init)
 .init          0x08004dd0        0x4 C:/ST/STM32CubeCLT_1.17.0/GNU-tools-for-STM32/bin/../lib/gcc/arm-none-eabi/12.3.1/thumb/v7e-m+dp/hard/crti.o
                0x08004dd0                _init
 .init          0x08004dd4        0x8 C:/ST/STM32CubeCLT_1.17.0/GNU-tools-for-STM32/bin/../lib/gcc/arm-none-eabi/12.3.1/thumb/v7e-m+dp/hard/crtn.o
 *(.fini)
 .fini          0x08004ddc        0x4 C:/ST/STM32CubeCLT_1.17.0/GNU-tools-for-STM32/bin/../lib/gcc/arm-none-eabi/12.3.1/thumb/v7e-m+dp/hard/crti.o
                0x08004ddc                _fini
 .fini          0x08004de0        0x8 C:/ST/STM32CubeCLT_1.17.0/GNU-tools-for-STM32/bin/../lib/gcc/arm-none-eabi/12.3.1/thumb/v7e-m+dp/hard/crtn.o
                0x08004de8                        . = ALIGN (0x4)
                0x08004de8                        _etext = .

.vfp11_veneer   0x08004de8        0x0
 .vfp11_veneer  0x08004de8        0x0 linker stubs

.v4_bx          0x08004de8        0x0
 .v4_bx         0x08004de8        0x0 linker stubs

.iplt           0x08004de8        0x0
 .iplt          0x08004de8        0x0 C:/ST/STM32CubeCLT_1.17.0/GNU-tools-for-STM32/bin/../lib/gcc/arm-none-eabi/12.3.1/thumb/v7e-m+dp/hard/crtbegin.o

.rodata         0x08004de8       0xb0
                0x08004de8                        . = ALIGN (0x4)
 *(.rodata)
 .rodata        0x08004de8       0x1a CMakeFiles/FreeRTOS_Tasks.dir/Core/Src/main.c.obj
 *fill*         0x08004e02        0x2 
 .rodata        0x08004e04        0x5 CMakeFiles/FreeRTOS_Tasks.dir/Middlewares/Third_Party/FreeRTOS/Source/tasks.c.obj
 *fill*         0x08004e09        0x3 
 .rodata        0x08004e0c        0xd CMakeFiles/FreeRTOS_Tasks.dir/Middlewares/Third_Party/FreeRTOS/Source/timers.c.obj
 *(.rodata*)
 *fill*         0x08004e19        0x3 
 .rodata.defaultTask_attributes
                0x08004e1c       0x24 CMakeFiles/FreeRTOS_Tasks.dir/Core/Src/main.c.obj
                0x08004e1c                defaultTask_attributes
 .rodata.Task1_attributes
                0x08004e40       0x24 CMakeFiles/FreeRTOS_Tasks.dir/Core/Src/main.c.obj
                0x08004e40                Task1_attributes
 .rodata.Task2_attributes
                0x08004e64       0x24 CMakeFiles/FreeRTOS_Tasks.dir/Core/Src/main.c.obj
                0x08004e64                Task2_attributes
 .rodata.D1CorePrescTable
                0x08004e88       0x10 CMakeFiles/FreeRTOS_Tasks.dir/Core/Src/system_stm32h7xx.c.obj
                0x08004e88                D1CorePrescTable
                0x08004e98                        . = ALIGN (0x4)

.rel.dyn        0x08004e98        0x0
 .rel.iplt      0x08004e98        0x0 C:/ST/STM32CubeCLT_1.17.0/GNU-tools-for-STM32/bin/../lib/gcc/arm-none-eabi/12.3.1/thumb/v7e-m+dp/hard/crtbegin.o

.ARM.extab
 *(.ARM.extab* .gnu.linkonce.armextab.*)

.ARM            0x08004e98        0x0
                0x08004e98                        __exidx_start = .
 *(.ARM.exidx*)
                0x08004e98                        __exidx_end = .

.preinit_array  0x08004e98        0x0
                0x08004e98                        PROVIDE (__preinit_array_start = .)
 *(.preinit_array*)
                0x08004e98                        PROVIDE (__preinit_array_end = .)

.init_array     0x08004e98        0x4
                0x08004e98                        PROVIDE (__init_array_start = .)
 *(SORT_BY_NAME(.init_array.*))
 *(.init_array*)
 .init_array    0x08004e98        0x4 C:/ST/STM32CubeCLT_1.17.0/GNU-tools-for-STM32/bin/../lib/gcc/arm-none-eabi/12.3.1/thumb/v7e-m+dp/hard/crtbegin.o
                0x08004e9c                        PROVIDE (__init_array_end = .)

.fini_array     0x08004e9c        0x4
                [!provide]                        PROVIDE (__fini_array_start = .)
 *(SORT_BY_NAME(.fini_array.*))
 *(.fini_array*)
 .fini_array    0x08004e9c        0x4 C:/ST/STM32CubeCLT_1.17.0/GNU-tools-for-STM32/bin/../lib/gcc/arm-none-eabi/12.3.1/thumb/v7e-m+dp/hard/crtbegin.o
                [!provide]                        PROVIDE (__fini_array_end = .)
                0x08004ea0                        _sidata = LOADADDR (.data)

.data           0x20000000       0x10 load address 0x08004ea0
                0x20000000                        . = ALIGN (0x4)
                0x20000000                        _sdata = .
 *(.data)
 *(.data*)
 .data.uwTickPrio
                0x20000000        0x4 CMakeFiles/FreeRTOS_Tasks.dir/Drivers/STM32H7xx_HAL_Driver/Src/stm32h7xx_hal.c.obj
                0x20000000                uwTickPrio
 .data.SystemCoreClock
                0x20000004        0x4 CMakeFiles/FreeRTOS_Tasks.dir/Core/Src/system_stm32h7xx.c.obj
                0x20000004                SystemCoreClock
 .data.SystemD2Clock
                0x20000008        0x4 CMakeFiles/FreeRTOS_Tasks.dir/Core/Src/system_stm32h7xx.c.obj
                0x20000008                SystemD2Clock
 .data.uxCriticalNesting
                0x2000000c        0x4 CMakeFiles/FreeRTOS_Tasks.dir/Middlewares/Third_Party/FreeRTOS/Source/portable/GCC/ARM_CM4F/port.c.obj
                0x20000010                        . = ALIGN (0x4)
                0x20000010                        _edata = .

.igot.plt       0x20000010        0x0 load address 0x08004eb0
 .igot.plt      0x20000010        0x0 C:/ST/STM32CubeCLT_1.17.0/GNU-tools-for-STM32/bin/../lib/gcc/arm-none-eabi/12.3.1/thumb/v7e-m+dp/hard/crtbegin.o
                0x20000010                        . = ALIGN (0x4)

.bss            0x20000010     0x49c8 load address 0x08004eb0
                0x20000010                        _sbss = .
                0x20000010                        __bss_start__ = _sbss
 *(.bss)
 .bss           0x20000010       0x1c C:/ST/STM32CubeCLT_1.17.0/GNU-tools-for-STM32/bin/../lib/gcc/arm-none-eabi/12.3.1/thumb/v7e-m+dp/hard/crtbegin.o
 *(.bss*)
 .bss.defaultTaskHandle
                0x2000002c        0x4 CMakeFiles/FreeRTOS_Tasks.dir/Core/Src/main.c.obj
                0x2000002c                defaultTaskHandle
 .bss.Task1Handle
                0x20000030        0x4 CMakeFiles/FreeRTOS_Tasks.dir/Core/Src/main.c.obj
                0x20000030                Task1Handle
 .bss.Task2Handle
                0x20000034        0x4 CMakeFiles/FreeRTOS_Tasks.dir/Core/Src/main.c.obj
                0x20000034                Task2Handle
 .bss.htim6     0x20000038       0x4c CMakeFiles/FreeRTOS_Tasks.dir/Core/Src/stm32h7xx_hal_timebase_tim.c.obj
                0x20000038                htim6
 .bss.uwTick    0x20000084        0x4 CMakeFiles/FreeRTOS_Tasks.dir/Drivers/STM32H7xx_HAL_Driver/Src/stm32h7xx_hal.c.obj
                0x20000084                uwTick
 .bss.xQueueRegistry
                0x20000088       0x40 CMakeFiles/FreeRTOS_Tasks.dir/Middlewares/Third_Party/FreeRTOS/Source/queue.c.obj
                0x20000088                xQueueRegistry
 .bss.pxCurrentTCB
                0x200000c8        0x4 CMakeFiles/FreeRTOS_Tasks.dir/Middlewares/Third_Party/FreeRTOS/Source/tasks.c.obj
                0x200000c8                pxCurrentTCB
 .bss.pxReadyTasksLists
                0x200000cc      0x460 CMakeFiles/FreeRTOS_Tasks.dir/Middlewares/Third_Party/FreeRTOS/Source/tasks.c.obj
 .bss.xDelayedTaskList1
                0x2000052c       0x14 CMakeFiles/FreeRTOS_Tasks.dir/Middlewares/Third_Party/FreeRTOS/Source/tasks.c.obj
 .bss.xDelayedTaskList2
                0x20000540       0x14 CMakeFiles/FreeRTOS_Tasks.dir/Middlewares/Third_Party/FreeRTOS/Source/tasks.c.obj
 .bss.pxDelayedTaskList
                0x20000554        0x4 CMakeFiles/FreeRTOS_Tasks.dir/Middlewares/Third_Party/FreeRTOS/Source/tasks.c.obj
 .bss.pxOverflowDelayedTaskList
                0x20000558        0x4 CMakeFiles/FreeRTOS_Tasks.dir/Middlewares/Third_Party/FreeRTOS/Source/tasks.c.obj
 .bss.xPendingReadyList
                0x2000055c       0x14 CMakeFiles/FreeRTOS_Tasks.dir/Middlewares/Third_Party/FreeRTOS/Source/tasks.c.obj
 .bss.xTasksWaitingTermination
                0x20000570       0x14 CMakeFiles/FreeRTOS_Tasks.dir/Middlewares/Third_Party/FreeRTOS/Source/tasks.c.obj
 .bss.uxDeletedTasksWaitingCleanUp
                0x20000584        0x4 CMakeFiles/FreeRTOS_Tasks.dir/Middlewares/Third_Party/FreeRTOS/Source/tasks.c.obj
 .bss.xSuspendedTaskList
                0x20000588       0x14 CMakeFiles/FreeRTOS_Tasks.dir/Middlewares/Third_Party/FreeRTOS/Source/tasks.c.obj
 .bss.uxCurrentNumberOfTasks
                0x2000059c        0x4 CMakeFiles/FreeRTOS_Tasks.dir/Middlewares/Third_Party/FreeRTOS/Source/tasks.c.obj
 .bss.xTickCount
                0x200005a0        0x4 CMakeFiles/FreeRTOS_Tasks.dir/Middlewares/Third_Party/FreeRTOS/Source/tasks.c.obj
 .bss.uxTopReadyPriority
                0x200005a4        0x4 CMakeFiles/FreeRTOS_Tasks.dir/Middlewares/Third_Party/FreeRTOS/Source/tasks.c.obj
 .bss.xSchedulerRunning
                0x200005a8        0x4 CMakeFiles/FreeRTOS_Tasks.dir/Middlewares/Third_Party/FreeRTOS/Source/tasks.c.obj
 .bss.xPendedTicks
                0x200005ac        0x4 CMakeFiles/FreeRTOS_Tasks.dir/Middlewares/Third_Party/FreeRTOS/Source/tasks.c.obj
 .bss.xYieldPending
                0x200005b0        0x4 CMakeFiles/FreeRTOS_Tasks.dir/Middlewares/Third_Party/FreeRTOS/Source/tasks.c.obj
 .bss.xNumOfOverflows
                0x200005b4        0x4 CMakeFiles/FreeRTOS_Tasks.dir/Middlewares/Third_Party/FreeRTOS/Source/tasks.c.obj
 .bss.uxTaskNumber
                0x200005b8        0x4 CMakeFiles/FreeRTOS_Tasks.dir/Middlewares/Third_Party/FreeRTOS/Source/tasks.c.obj
 .bss.xNextTaskUnblockTime
                0x200005bc        0x4 CMakeFiles/FreeRTOS_Tasks.dir/Middlewares/Third_Party/FreeRTOS/Source/tasks.c.obj
 .bss.xIdleTaskHandle
                0x200005c0        0x4 CMakeFiles/FreeRTOS_Tasks.dir/Middlewares/Third_Party/FreeRTOS/Source/tasks.c.obj
 .bss.uxSchedulerSuspended
                0x200005c4        0x4 CMakeFiles/FreeRTOS_Tasks.dir/Middlewares/Third_Party/FreeRTOS/Source/tasks.c.obj
 .bss.xActiveTimerList1
                0x200005c8       0x14 CMakeFiles/FreeRTOS_Tasks.dir/Middlewares/Third_Party/FreeRTOS/Source/timers.c.obj
 .bss.xActiveTimerList2
                0x200005dc       0x14 CMakeFiles/FreeRTOS_Tasks.dir/Middlewares/Third_Party/FreeRTOS/Source/timers.c.obj
 .bss.pxCurrentTimerList
                0x200005f0        0x4 CMakeFiles/FreeRTOS_Tasks.dir/Middlewares/Third_Party/FreeRTOS/Source/timers.c.obj
 .bss.pxOverflowTimerList
                0x200005f4        0x4 CMakeFiles/FreeRTOS_Tasks.dir/Middlewares/Third_Party/FreeRTOS/Source/timers.c.obj
 .bss.xTimerQueue
                0x200005f8        0x4 CMakeFiles/FreeRTOS_Tasks.dir/Middlewares/Third_Party/FreeRTOS/Source/timers.c.obj
 .bss.xTimerTaskHandle
                0x200005fc        0x4 CMakeFiles/FreeRTOS_Tasks.dir/Middlewares/Third_Party/FreeRTOS/Source/timers.c.obj
 .bss.xLastTime.2
                0x20000600        0x4 CMakeFiles/FreeRTOS_Tasks.dir/Middlewares/Third_Party/FreeRTOS/Source/timers.c.obj
 .bss.ucStaticTimerQueueStorage.1
                0x20000604       0xa0 CMakeFiles/FreeRTOS_Tasks.dir/Middlewares/Third_Party/FreeRTOS/Source/timers.c.obj
 .bss.xStaticTimerQueue.0
                0x200006a4       0x50 CMakeFiles/FreeRTOS_Tasks.dir/Middlewares/Third_Party/FreeRTOS/Source/timers.c.obj
 .bss.KernelState
                0x200006f4        0x4 CMakeFiles/FreeRTOS_Tasks.dir/Middlewares/Third_Party/FreeRTOS/Source/CMSIS_RTOS_V2/cmsis_os2.c.obj
 .bss.Idle_TCB.3
                0x200006f8       0x5c CMakeFiles/FreeRTOS_Tasks.dir/Middlewares/Third_Party/FreeRTOS/Source/CMSIS_RTOS_V2/cmsis_os2.c.obj
 .bss.Idle_Stack.2
                0x20000754      0x200 CMakeFiles/FreeRTOS_Tasks.dir/Middlewares/Third_Party/FreeRTOS/Source/CMSIS_RTOS_V2/cmsis_os2.c.obj
 .bss.Timer_TCB.1
                0x20000954       0x5c CMakeFiles/FreeRTOS_Tasks.dir/Middlewares/Third_Party/FreeRTOS/Source/CMSIS_RTOS_V2/cmsis_os2.c.obj
 .bss.Timer_Stack.0
                0x200009b0      0x400 CMakeFiles/FreeRTOS_Tasks.dir/Middlewares/Third_Party/FreeRTOS/Source/CMSIS_RTOS_V2/cmsis_os2.c.obj
 .bss.ucHeap    0x20000db0     0x3c00 CMakeFiles/FreeRTOS_Tasks.dir/Middlewares/Third_Party/FreeRTOS/Source/portable/MemMang/heap_4.c.obj
 .bss.xStart    0x200049b0        0x8 CMakeFiles/FreeRTOS_Tasks.dir/Middlewares/Third_Party/FreeRTOS/Source/portable/MemMang/heap_4.c.obj
 .bss.pxEnd     0x200049b8        0x4 CMakeFiles/FreeRTOS_Tasks.dir/Middlewares/Third_Party/FreeRTOS/Source/portable/MemMang/heap_4.c.obj
 .bss.xFreeBytesRemaining
                0x200049bc        0x4 CMakeFiles/FreeRTOS_Tasks.dir/Middlewares/Third_Party/FreeRTOS/Source/portable/MemMang/heap_4.c.obj
 .bss.xMinimumEverFreeBytesRemaining
                0x200049c0        0x4 CMakeFiles/FreeRTOS_Tasks.dir/Middlewares/Third_Party/FreeRTOS/Source/portable/MemMang/heap_4.c.obj
 .bss.xNumberOfSuccessfulAllocations
                0x200049c4        0x4 CMakeFiles/FreeRTOS_Tasks.dir/Middlewares/Third_Party/FreeRTOS/Source/portable/MemMang/heap_4.c.obj
 .bss.xNumberOfSuccessfulFrees
                0x200049c8        0x4 CMakeFiles/FreeRTOS_Tasks.dir/Middlewares/Third_Party/FreeRTOS/Source/portable/MemMang/heap_4.c.obj
 .bss.xBlockAllocatedBit
                0x200049cc        0x4 CMakeFiles/FreeRTOS_Tasks.dir/Middlewares/Third_Party/FreeRTOS/Source/portable/MemMang/heap_4.c.obj
 .bss.ucMaxSysCallPriority
                0x200049d0        0x1 CMakeFiles/FreeRTOS_Tasks.dir/Middlewares/Third_Party/FreeRTOS/Source/portable/GCC/ARM_CM4F/port.c.obj
 *fill*         0x200049d1        0x3 
 .bss.ulMaxPRIGROUPValue
                0x200049d4        0x4 CMakeFiles/FreeRTOS_Tasks.dir/Middlewares/Third_Party/FreeRTOS/Source/portable/GCC/ARM_CM4F/port.c.obj
 *(COMMON)
                0x200049d8                        . = ALIGN (0x4)
                0x200049d8                        _ebss = .
                0x200049d8                        __bss_end__ = _ebss

._user_heap_stack
                0x200049d8      0x600 load address 0x08004eb0
                0x200049d8                        . = ALIGN (0x8)
                [!provide]                        PROVIDE (end = .)
                0x200049d8                        PROVIDE (_end = .)
                0x20004bd8                        . = (. + _Min_Heap_Size)
 *fill*         0x200049d8      0x200 
                0x20004fd8                        . = (. + _Min_Stack_Size)
 *fill*         0x20004bd8      0x400 
                0x20004fd8                        . = ALIGN (0x8)

/DISCARD/
 libc.a(*)
 libm.a(*)
 libgcc.a(*)
OUTPUT(FreeRTOS_Tasks.elf elf32-littlearm)
LOAD linker stubs
LOAD C:/ST/STM32CubeCLT_1.17.0/GNU-tools-for-STM32/bin/../lib/gcc/arm-none-eabi/12.3.1/../../../../arm-none-eabi/lib/thumb/v7e-m+dp/hard\libc.a
LOAD C:/ST/STM32CubeCLT_1.17.0/GNU-tools-for-STM32/bin/../lib/gcc/arm-none-eabi/12.3.1/../../../../arm-none-eabi/lib/thumb/v7e-m+dp/hard\libm.a
LOAD C:/ST/STM32CubeCLT_1.17.0/GNU-tools-for-STM32/bin/../lib/gcc/arm-none-eabi/12.3.1/thumb/v7e-m+dp/hard\libgcc.a

.ARM.attributes
                0x00000000       0x2e
 .ARM.attributes
                0x00000000       0x20 C:/ST/STM32CubeCLT_1.17.0/GNU-tools-for-STM32/bin/../lib/gcc/arm-none-eabi/12.3.1/thumb/v7e-m+dp/hard/crti.o
 .ARM.attributes
                0x00000020       0x32 C:/ST/STM32CubeCLT_1.17.0/GNU-tools-for-STM32/bin/../lib/gcc/arm-none-eabi/12.3.1/thumb/v7e-m+dp/hard/crtbegin.o
 .ARM.attributes
                0x00000052       0x32 C:/ST/STM32CubeCLT_1.17.0/GNU-tools-for-STM32/bin/../lib/gcc/arm-none-eabi/12.3.1/../../../../arm-none-eabi/lib/thumb/v7e-m+dp/hard\libc_nano.a(libc_a-memset.o)
 .ARM.attributes
                0x00000084       0x32 C:/ST/STM32CubeCLT_1.17.0/GNU-tools-for-STM32/bin/../lib/gcc/arm-none-eabi/12.3.1/../../../../arm-none-eabi/lib/thumb/v7e-m+dp/hard\libc_nano.a(libc_a-init.o)
 .ARM.attributes
                0x000000b6       0x32 CMakeFiles/FreeRTOS_Tasks.dir/Core/Src/main.c.obj
 .ARM.attributes
                0x000000e8       0x32 CMakeFiles/FreeRTOS_Tasks.dir/Core/Src/stm32h7xx_it.c.obj
 .ARM.attributes
                0x0000011a       0x32 CMakeFiles/FreeRTOS_Tasks.dir/Core/Src/stm32h7xx_hal_msp.c.obj
 .ARM.attributes
                0x0000014c       0x32 CMakeFiles/FreeRTOS_Tasks.dir/Core/Src/stm32h7xx_hal_timebase_tim.c.obj
 .ARM.attributes
                0x0000017e       0x32 CMakeFiles/FreeRTOS_Tasks.dir/Drivers/STM32H7xx_HAL_Driver/Src/stm32h7xx_hal_tim.c.obj
 .ARM.attributes
                0x000001b0       0x32 CMakeFiles/FreeRTOS_Tasks.dir/Drivers/STM32H7xx_HAL_Driver/Src/stm32h7xx_hal_cortex.c.obj
 .ARM.attributes
                0x000001e2       0x32 CMakeFiles/FreeRTOS_Tasks.dir/Drivers/STM32H7xx_HAL_Driver/Src/stm32h7xx_hal_rcc.c.obj
 .ARM.attributes
                0x00000214       0x32 CMakeFiles/FreeRTOS_Tasks.dir/Drivers/STM32H7xx_HAL_Driver/Src/stm32h7xx_hal_pwr_ex.c.obj
 .ARM.attributes
                0x00000246       0x32 CMakeFiles/FreeRTOS_Tasks.dir/Drivers/STM32H7xx_HAL_Driver/Src/stm32h7xx_hal.c.obj
 .ARM.attributes
                0x00000278       0x32 CMakeFiles/FreeRTOS_Tasks.dir/Core/Src/system_stm32h7xx.c.obj
 .ARM.attributes
                0x000002aa       0x32 CMakeFiles/FreeRTOS_Tasks.dir/Middlewares/Third_Party/FreeRTOS/Source/list.c.obj
 .ARM.attributes
                0x000002dc       0x32 CMakeFiles/FreeRTOS_Tasks.dir/Middlewares/Third_Party/FreeRTOS/Source/queue.c.obj
 .ARM.attributes
                0x0000030e       0x32 CMakeFiles/FreeRTOS_Tasks.dir/Middlewares/Third_Party/FreeRTOS/Source/tasks.c.obj
 .ARM.attributes
                0x00000340       0x32 CMakeFiles/FreeRTOS_Tasks.dir/Middlewares/Third_Party/FreeRTOS/Source/timers.c.obj
 .ARM.attributes
                0x00000372       0x32 CMakeFiles/FreeRTOS_Tasks.dir/Middlewares/Third_Party/FreeRTOS/Source/CMSIS_RTOS_V2/cmsis_os2.c.obj
 .ARM.attributes
                0x000003a4       0x32 CMakeFiles/FreeRTOS_Tasks.dir/Middlewares/Third_Party/FreeRTOS/Source/portable/MemMang/heap_4.c.obj
 .ARM.attributes
                0x000003d6       0x32 CMakeFiles/FreeRTOS_Tasks.dir/Middlewares/Third_Party/FreeRTOS/Source/portable/GCC/ARM_CM4F/port.c.obj
 .ARM.attributes
                0x00000408       0x21 CMakeFiles/FreeRTOS_Tasks.dir/startup_stm32h743xx.s.obj
 .ARM.attributes
                0x00000429       0x32 C:/ST/STM32CubeCLT_1.17.0/GNU-tools-for-STM32/bin/../lib/gcc/arm-none-eabi/12.3.1/../../../../arm-none-eabi/lib/thumb/v7e-m+dp/hard\libg_nano.a(libc_a-memcpy-stub.o)
 .ARM.attributes
                0x0000045b       0x20 C:/ST/STM32CubeCLT_1.17.0/GNU-tools-for-STM32/bin/../lib/gcc/arm-none-eabi/12.3.1/thumb/v7e-m+dp/hard/crtn.o

.comment        0x00000000       0x43
 .comment       0x00000000       0x43 CMakeFiles/FreeRTOS_Tasks.dir/Core/Src/main.c.obj
                                 0x44 (size before relaxing)
 .comment       0x00000043       0x44 CMakeFiles/FreeRTOS_Tasks.dir/Core/Src/stm32h7xx_it.c.obj
 .comment       0x00000043       0x44 CMakeFiles/FreeRTOS_Tasks.dir/Core/Src/stm32h7xx_hal_msp.c.obj
 .comment       0x00000043       0x44 CMakeFiles/FreeRTOS_Tasks.dir/Core/Src/stm32h7xx_hal_timebase_tim.c.obj
 .comment       0x00000043       0x44 CMakeFiles/FreeRTOS_Tasks.dir/Drivers/STM32H7xx_HAL_Driver/Src/stm32h7xx_hal_tim.c.obj
 .comment       0x00000043       0x44 CMakeFiles/FreeRTOS_Tasks.dir/Drivers/STM32H7xx_HAL_Driver/Src/stm32h7xx_hal_cortex.c.obj
 .comment       0x00000043       0x44 CMakeFiles/FreeRTOS_Tasks.dir/Drivers/STM32H7xx_HAL_Driver/Src/stm32h7xx_hal_rcc.c.obj
 .comment       0x00000043       0x44 CMakeFiles/FreeRTOS_Tasks.dir/Drivers/STM32H7xx_HAL_Driver/Src/stm32h7xx_hal_pwr_ex.c.obj
 .comment       0x00000043       0x44 CMakeFiles/FreeRTOS_Tasks.dir/Drivers/STM32H7xx_HAL_Driver/Src/stm32h7xx_hal.c.obj
 .comment       0x00000043       0x44 CMakeFiles/FreeRTOS_Tasks.dir/Core/Src/system_stm32h7xx.c.obj
 .comment       0x00000043       0x44 CMakeFiles/FreeRTOS_Tasks.dir/Middlewares/Third_Party/FreeRTOS/Source/list.c.obj
 .comment       0x00000043       0x44 CMakeFiles/FreeRTOS_Tasks.dir/Middlewares/Third_Party/FreeRTOS/Source/queue.c.obj
 .comment       0x00000043       0x44 CMakeFiles/FreeRTOS_Tasks.dir/Middlewares/Third_Party/FreeRTOS/Source/tasks.c.obj
 .comment       0x00000043       0x44 CMakeFiles/FreeRTOS_Tasks.dir/Middlewares/Third_Party/FreeRTOS/Source/timers.c.obj
 .comment       0x00000043       0x44 CMakeFiles/FreeRTOS_Tasks.dir/Middlewares/Third_Party/FreeRTOS/Source/CMSIS_RTOS_V2/cmsis_os2.c.obj
 .comment       0x00000043       0x44 CMakeFiles/FreeRTOS_Tasks.dir/Middlewares/Third_Party/FreeRTOS/Source/portable/MemMang/heap_4.c.obj
 .comment       0x00000043       0x44 CMakeFiles/FreeRTOS_Tasks.dir/Middlewares/Third_Party/FreeRTOS/Source/portable/GCC/ARM_CM4F/port.c.obj
 .comment       0x00000043       0x44 C:/ST/STM32CubeCLT_1.17.0/GNU-tools-for-STM32/bin/../lib/gcc/arm-none-eabi/12.3.1/../../../../arm-none-eabi/lib/thumb/v7e-m+dp/hard\libg_nano.a(libc_a-memcpy-stub.o)

.debug_frame    0x00000000     0x4b58
 .debug_frame   0x00000000       0x20 C:/ST/STM32CubeCLT_1.17.0/GNU-tools-for-STM32/bin/../lib/gcc/arm-none-eabi/12.3.1/../../../../arm-none-eabi/lib/thumb/v7e-m+dp/hard\libc_nano.a(libc_a-memset.o)
 .debug_frame   0x00000020       0x2c C:/ST/STM32CubeCLT_1.17.0/GNU-tools-for-STM32/bin/../lib/gcc/arm-none-eabi/12.3.1/../../../../arm-none-eabi/lib/thumb/v7e-m+dp/hard\libc_nano.a(libc_a-init.o)
 .debug_frame   0x0000004c      0x184 CMakeFiles/FreeRTOS_Tasks.dir/Core/Src/main.c.obj
 .debug_frame   0x000001d0       0xa8 CMakeFiles/FreeRTOS_Tasks.dir/Core/Src/stm32h7xx_it.c.obj
 .debug_frame   0x00000278       0x34 CMakeFiles/FreeRTOS_Tasks.dir/Core/Src/stm32h7xx_hal_msp.c.obj
 .debug_frame   0x000002ac       0x74 CMakeFiles/FreeRTOS_Tasks.dir/Core/Src/stm32h7xx_hal_timebase_tim.c.obj
 .debug_frame   0x00000320     0x121c CMakeFiles/FreeRTOS_Tasks.dir/Drivers/STM32H7xx_HAL_Driver/Src/stm32h7xx_hal_tim.c.obj
 .debug_frame   0x0000153c      0x508 CMakeFiles/FreeRTOS_Tasks.dir/Drivers/STM32H7xx_HAL_Driver/Src/stm32h7xx_hal_cortex.c.obj
 .debug_frame   0x00001a44      0x1f8 CMakeFiles/FreeRTOS_Tasks.dir/Drivers/STM32H7xx_HAL_Driver/Src/stm32h7xx_hal_rcc.c.obj
 .debug_frame   0x00001c3c      0x580 CMakeFiles/FreeRTOS_Tasks.dir/Drivers/STM32H7xx_HAL_Driver/Src/stm32h7xx_hal_pwr_ex.c.obj
 .debug_frame   0x000021bc      0x690 CMakeFiles/FreeRTOS_Tasks.dir/Drivers/STM32H7xx_HAL_Driver/Src/stm32h7xx_hal.c.obj
 .debug_frame   0x0000284c       0x78 CMakeFiles/FreeRTOS_Tasks.dir/Core/Src/system_stm32h7xx.c.obj
 .debug_frame   0x000028c4       0xd8 CMakeFiles/FreeRTOS_Tasks.dir/Middlewares/Third_Party/FreeRTOS/Source/list.c.obj
 .debug_frame   0x0000299c      0x5ec CMakeFiles/FreeRTOS_Tasks.dir/Middlewares/Third_Party/FreeRTOS/Source/queue.c.obj
 .debug_frame   0x00002f88      0x8f0 CMakeFiles/FreeRTOS_Tasks.dir/Middlewares/Third_Party/FreeRTOS/Source/tasks.c.obj
 .debug_frame   0x00003878      0x400 CMakeFiles/FreeRTOS_Tasks.dir/Middlewares/Third_Party/FreeRTOS/Source/timers.c.obj
 .debug_frame   0x00003c78      0xbe4 CMakeFiles/FreeRTOS_Tasks.dir/Middlewares/Third_Party/FreeRTOS/Source/CMSIS_RTOS_V2/cmsis_os2.c.obj
 .debug_frame   0x0000485c      0x12c CMakeFiles/FreeRTOS_Tasks.dir/Middlewares/Third_Party/FreeRTOS/Source/portable/MemMang/heap_4.c.obj
 .debug_frame   0x00004988      0x1a8 CMakeFiles/FreeRTOS_Tasks.dir/Middlewares/Third_Party/FreeRTOS/Source/portable/GCC/ARM_CM4F/port.c.obj
 .debug_frame   0x00004b30       0x28 C:/ST/STM32CubeCLT_1.17.0/GNU-tools-for-STM32/bin/../lib/gcc/arm-none-eabi/12.3.1/../../../../arm-none-eabi/lib/thumb/v7e-m+dp/hard\libg_nano.a(libc_a-memcpy-stub.o)

.debug_info     0x00000000    0x14d23
 .debug_info    0x00000000     0x188a CMakeFiles/FreeRTOS_Tasks.dir/Core/Src/main.c.obj
 .debug_info    0x0000188a       0xed CMakeFiles/FreeRTOS_Tasks.dir/Core/Src/stm32h7xx_it.c.obj
 .debug_info    0x00001977      0x814 CMakeFiles/FreeRTOS_Tasks.dir/Core/Src/stm32h7xx_hal_msp.c.obj
 .debug_info    0x0000218b     0x10a9 CMakeFiles/FreeRTOS_Tasks.dir/Core/Src/stm32h7xx_hal_timebase_tim.c.obj
 .debug_info    0x00003234     0x2bae CMakeFiles/FreeRTOS_Tasks.dir/Drivers/STM32H7xx_HAL_Driver/Src/stm32h7xx_hal_tim.c.obj
 .debug_info    0x00005de2     0x10b1 CMakeFiles/FreeRTOS_Tasks.dir/Drivers/STM32H7xx_HAL_Driver/Src/stm32h7xx_hal_cortex.c.obj
 .debug_info    0x00006e93      0xe6a CMakeFiles/FreeRTOS_Tasks.dir/Drivers/STM32H7xx_HAL_Driver/Src/stm32h7xx_hal_rcc.c.obj
 .debug_info    0x00007cfd     0x1012 CMakeFiles/FreeRTOS_Tasks.dir/Drivers/STM32H7xx_HAL_Driver/Src/stm32h7xx_hal_pwr_ex.c.obj
 .debug_info    0x00008d0f     0x153b CMakeFiles/FreeRTOS_Tasks.dir/Drivers/STM32H7xx_HAL_Driver/Src/stm32h7xx_hal.c.obj
 .debug_info    0x0000a24a      0xdb2 CMakeFiles/FreeRTOS_Tasks.dir/Core/Src/system_stm32h7xx.c.obj
 .debug_info    0x0000affc      0x2af CMakeFiles/FreeRTOS_Tasks.dir/Middlewares/Third_Party/FreeRTOS/Source/list.c.obj
 .debug_info    0x0000b2ab     0x1b79 CMakeFiles/FreeRTOS_Tasks.dir/Middlewares/Third_Party/FreeRTOS/Source/queue.c.obj
 .debug_info    0x0000ce24     0x21ec CMakeFiles/FreeRTOS_Tasks.dir/Middlewares/Third_Party/FreeRTOS/Source/tasks.c.obj
 .debug_info    0x0000f010     0x1488 CMakeFiles/FreeRTOS_Tasks.dir/Middlewares/Third_Party/FreeRTOS/Source/timers.c.obj
 .debug_info    0x00010498     0x3d87 CMakeFiles/FreeRTOS_Tasks.dir/Middlewares/Third_Party/FreeRTOS/Source/CMSIS_RTOS_V2/cmsis_os2.c.obj
 .debug_info    0x0001421f      0x4d5 CMakeFiles/FreeRTOS_Tasks.dir/Middlewares/Third_Party/FreeRTOS/Source/portable/MemMang/heap_4.c.obj
 .debug_info    0x000146f4      0x4de CMakeFiles/FreeRTOS_Tasks.dir/Middlewares/Third_Party/FreeRTOS/Source/portable/GCC/ARM_CM4F/port.c.obj
 .debug_info    0x00014bd2       0x30 CMakeFiles/FreeRTOS_Tasks.dir/startup_stm32h743xx.s.obj
 .debug_info    0x00014c02      0x121 C:/ST/STM32CubeCLT_1.17.0/GNU-tools-for-STM32/bin/../lib/gcc/arm-none-eabi/12.3.1/../../../../arm-none-eabi/lib/thumb/v7e-m+dp/hard\libg_nano.a(libc_a-memcpy-stub.o)

.debug_abbrev   0x00000000     0x2bec
 .debug_abbrev  0x00000000      0x35c CMakeFiles/FreeRTOS_Tasks.dir/Core/Src/main.c.obj
 .debug_abbrev  0x0000035c       0x47 CMakeFiles/FreeRTOS_Tasks.dir/Core/Src/stm32h7xx_it.c.obj
 .debug_abbrev  0x000003a3      0x11c CMakeFiles/FreeRTOS_Tasks.dir/Core/Src/stm32h7xx_hal_msp.c.obj
 .debug_abbrev  0x000004bf      0x212 CMakeFiles/FreeRTOS_Tasks.dir/Core/Src/stm32h7xx_hal_timebase_tim.c.obj
 .debug_abbrev  0x000006d1      0x276 CMakeFiles/FreeRTOS_Tasks.dir/Drivers/STM32H7xx_HAL_Driver/Src/stm32h7xx_hal_tim.c.obj
 .debug_abbrev  0x00000947      0x339 CMakeFiles/FreeRTOS_Tasks.dir/Drivers/STM32H7xx_HAL_Driver/Src/stm32h7xx_hal_cortex.c.obj
 .debug_abbrev  0x00000c80      0x2c8 CMakeFiles/FreeRTOS_Tasks.dir/Drivers/STM32H7xx_HAL_Driver/Src/stm32h7xx_hal_rcc.c.obj
 .debug_abbrev  0x00000f48      0x2a7 CMakeFiles/FreeRTOS_Tasks.dir/Drivers/STM32H7xx_HAL_Driver/Src/stm32h7xx_hal_pwr_ex.c.obj
 .debug_abbrev  0x000011ef      0x295 CMakeFiles/FreeRTOS_Tasks.dir/Drivers/STM32H7xx_HAL_Driver/Src/stm32h7xx_hal.c.obj
 .debug_abbrev  0x00001484      0x165 CMakeFiles/FreeRTOS_Tasks.dir/Core/Src/system_stm32h7xx.c.obj
 .debug_abbrev  0x000015e9       0xf5 CMakeFiles/FreeRTOS_Tasks.dir/Middlewares/Third_Party/FreeRTOS/Source/list.c.obj
 .debug_abbrev  0x000016de      0x3b6 CMakeFiles/FreeRTOS_Tasks.dir/Middlewares/Third_Party/FreeRTOS/Source/queue.c.obj
 .debug_abbrev  0x00001a94      0x386 CMakeFiles/FreeRTOS_Tasks.dir/Middlewares/Third_Party/FreeRTOS/Source/tasks.c.obj
 .debug_abbrev  0x00001e1a      0x352 CMakeFiles/FreeRTOS_Tasks.dir/Middlewares/Third_Party/FreeRTOS/Source/timers.c.obj
 .debug_abbrev  0x0000216c      0x522 CMakeFiles/FreeRTOS_Tasks.dir/Middlewares/Third_Party/FreeRTOS/Source/CMSIS_RTOS_V2/cmsis_os2.c.obj
 .debug_abbrev  0x0000268e      0x21d CMakeFiles/FreeRTOS_Tasks.dir/Middlewares/Third_Party/FreeRTOS/Source/portable/MemMang/heap_4.c.obj
 .debug_abbrev  0x000028ab      0x25c CMakeFiles/FreeRTOS_Tasks.dir/Middlewares/Third_Party/FreeRTOS/Source/portable/GCC/ARM_CM4F/port.c.obj
 .debug_abbrev  0x00002b07       0x24 CMakeFiles/FreeRTOS_Tasks.dir/startup_stm32h743xx.s.obj
 .debug_abbrev  0x00002b2b       0xc1 C:/ST/STM32CubeCLT_1.17.0/GNU-tools-for-STM32/bin/../lib/gcc/arm-none-eabi/12.3.1/../../../../arm-none-eabi/lib/thumb/v7e-m+dp/hard\libg_nano.a(libc_a-memcpy-stub.o)

.debug_aranges  0x00000000     0x1220
 .debug_aranges
                0x00000000       0x70 CMakeFiles/FreeRTOS_Tasks.dir/Core/Src/main.c.obj
 .debug_aranges
                0x00000070       0x48 CMakeFiles/FreeRTOS_Tasks.dir/Core/Src/stm32h7xx_it.c.obj
 .debug_aranges
                0x000000b8       0x20 CMakeFiles/FreeRTOS_Tasks.dir/Core/Src/stm32h7xx_hal_msp.c.obj
 .debug_aranges
                0x000000d8       0x30 CMakeFiles/FreeRTOS_Tasks.dir/Core/Src/stm32h7xx_hal_timebase_tim.c.obj
 .debug_aranges
                0x00000108      0x3e0 CMakeFiles/FreeRTOS_Tasks.dir/Drivers/STM32H7xx_HAL_Driver/Src/stm32h7xx_hal_tim.c.obj
 .debug_aranges
                0x000004e8      0x130 CMakeFiles/FreeRTOS_Tasks.dir/Drivers/STM32H7xx_HAL_Driver/Src/stm32h7xx_hal_cortex.c.obj
 .debug_aranges
                0x00000618       0x88 CMakeFiles/FreeRTOS_Tasks.dir/Drivers/STM32H7xx_HAL_Driver/Src/stm32h7xx_hal_rcc.c.obj
 .debug_aranges
                0x000006a0      0x158 CMakeFiles/FreeRTOS_Tasks.dir/Drivers/STM32H7xx_HAL_Driver/Src/stm32h7xx_hal_pwr_ex.c.obj
 .debug_aranges
                0x000007f8      0x198 CMakeFiles/FreeRTOS_Tasks.dir/Drivers/STM32H7xx_HAL_Driver/Src/stm32h7xx_hal.c.obj
 .debug_aranges
                0x00000990       0x30 CMakeFiles/FreeRTOS_Tasks.dir/Core/Src/system_stm32h7xx.c.obj
 .debug_aranges
                0x000009c0       0x40 CMakeFiles/FreeRTOS_Tasks.dir/Middlewares/Third_Party/FreeRTOS/Source/list.c.obj
 .debug_aranges
                0x00000a00      0x158 CMakeFiles/FreeRTOS_Tasks.dir/Middlewares/Third_Party/FreeRTOS/Source/queue.c.obj
 .debug_aranges
                0x00000b58      0x208 CMakeFiles/FreeRTOS_Tasks.dir/Middlewares/Third_Party/FreeRTOS/Source/tasks.c.obj
 .debug_aranges
                0x00000d60       0xf0 CMakeFiles/FreeRTOS_Tasks.dir/Middlewares/Third_Party/FreeRTOS/Source/timers.c.obj
 .debug_aranges
                0x00000e50      0x2b0 CMakeFiles/FreeRTOS_Tasks.dir/Middlewares/Third_Party/FreeRTOS/Source/CMSIS_RTOS_V2/cmsis_os2.c.obj
 .debug_aranges
                0x00001100       0x58 CMakeFiles/FreeRTOS_Tasks.dir/Middlewares/Third_Party/FreeRTOS/Source/portable/MemMang/heap_4.c.obj
 .debug_aranges
                0x00001158       0x80 CMakeFiles/FreeRTOS_Tasks.dir/Middlewares/Third_Party/FreeRTOS/Source/portable/GCC/ARM_CM4F/port.c.obj
 .debug_aranges
                0x000011d8       0x28 CMakeFiles/FreeRTOS_Tasks.dir/startup_stm32h743xx.s.obj
 .debug_aranges
                0x00001200       0x20 C:/ST/STM32CubeCLT_1.17.0/GNU-tools-for-STM32/bin/../lib/gcc/arm-none-eabi/12.3.1/../../../../arm-none-eabi/lib/thumb/v7e-m+dp/hard\libg_nano.a(libc_a-memcpy-stub.o)

.debug_rnglists
                0x00000000      0xde2
 .debug_rnglists
                0x00000000       0x50 CMakeFiles/FreeRTOS_Tasks.dir/Core/Src/main.c.obj
 .debug_rnglists
                0x00000050       0x31 CMakeFiles/FreeRTOS_Tasks.dir/Core/Src/stm32h7xx_it.c.obj
 .debug_rnglists
                0x00000081       0x13 CMakeFiles/FreeRTOS_Tasks.dir/Core/Src/stm32h7xx_hal_msp.c.obj
 .debug_rnglists
                0x00000094       0x20 CMakeFiles/FreeRTOS_Tasks.dir/Core/Src/stm32h7xx_hal_timebase_tim.c.obj
 .debug_rnglists
                0x000000b4      0x328 CMakeFiles/FreeRTOS_Tasks.dir/Drivers/STM32H7xx_HAL_Driver/Src/stm32h7xx_hal_tim.c.obj
 .debug_rnglists
                0x000003dc       0xe0 CMakeFiles/FreeRTOS_Tasks.dir/Drivers/STM32H7xx_HAL_Driver/Src/stm32h7xx_hal_cortex.c.obj
 .debug_rnglists
                0x000004bc       0x68 CMakeFiles/FreeRTOS_Tasks.dir/Drivers/STM32H7xx_HAL_Driver/Src/stm32h7xx_hal_rcc.c.obj
 .debug_rnglists
                0x00000524      0x103 CMakeFiles/FreeRTOS_Tasks.dir/Drivers/STM32H7xx_HAL_Driver/Src/stm32h7xx_hal_pwr_ex.c.obj
 .debug_rnglists
                0x00000627      0x131 CMakeFiles/FreeRTOS_Tasks.dir/Drivers/STM32H7xx_HAL_Driver/Src/stm32h7xx_hal.c.obj
 .debug_rnglists
                0x00000758       0x21 CMakeFiles/FreeRTOS_Tasks.dir/Core/Src/system_stm32h7xx.c.obj
 .debug_rnglists
                0x00000779       0x2b CMakeFiles/FreeRTOS_Tasks.dir/Middlewares/Third_Party/FreeRTOS/Source/list.c.obj
 .debug_rnglists
                0x000007a4      0x109 CMakeFiles/FreeRTOS_Tasks.dir/Middlewares/Third_Party/FreeRTOS/Source/queue.c.obj
 .debug_rnglists
                0x000008ad      0x1a0 CMakeFiles/FreeRTOS_Tasks.dir/Middlewares/Third_Party/FreeRTOS/Source/tasks.c.obj
 .debug_rnglists
                0x00000a4d       0xb8 CMakeFiles/FreeRTOS_Tasks.dir/Middlewares/Third_Party/FreeRTOS/Source/timers.c.obj
 .debug_rnglists
                0x00000b05      0x212 CMakeFiles/FreeRTOS_Tasks.dir/Middlewares/Third_Party/FreeRTOS/Source/CMSIS_RTOS_V2/cmsis_os2.c.obj
 .debug_rnglists
                0x00000d17       0x42 CMakeFiles/FreeRTOS_Tasks.dir/Middlewares/Third_Party/FreeRTOS/Source/portable/MemMang/heap_4.c.obj
 .debug_rnglists
                0x00000d59       0x5d CMakeFiles/FreeRTOS_Tasks.dir/Middlewares/Third_Party/FreeRTOS/Source/portable/GCC/ARM_CM4F/port.c.obj
 .debug_rnglists
                0x00000db6       0x19 CMakeFiles/FreeRTOS_Tasks.dir/startup_stm32h743xx.s.obj
 .debug_rnglists
                0x00000dcf       0x13 C:/ST/STM32CubeCLT_1.17.0/GNU-tools-for-STM32/bin/../lib/gcc/arm-none-eabi/12.3.1/../../../../arm-none-eabi/lib/thumb/v7e-m+dp/hard\libg_nano.a(libc_a-memcpy-stub.o)

.debug_macro    0x00000000    0x375bd
 .debug_macro   0x00000000      0x31e CMakeFiles/FreeRTOS_Tasks.dir/Core/Src/main.c.obj
 .debug_macro   0x0000031e      0xad2 CMakeFiles/FreeRTOS_Tasks.dir/Core/Src/main.c.obj
 .debug_macro   0x00000df0      0x232 CMakeFiles/FreeRTOS_Tasks.dir/Core/Src/main.c.obj
 .debug_macro   0x00001022       0x2e CMakeFiles/FreeRTOS_Tasks.dir/Core/Src/main.c.obj
 .debug_macro   0x00001050       0x3b CMakeFiles/FreeRTOS_Tasks.dir/Core/Src/main.c.obj
 .debug_macro   0x0000108b       0x22 CMakeFiles/FreeRTOS_Tasks.dir/Core/Src/main.c.obj
 .debug_macro   0x000010ad       0x8e CMakeFiles/FreeRTOS_Tasks.dir/Core/Src/main.c.obj
 .debug_macro   0x0000113b       0x51 CMakeFiles/FreeRTOS_Tasks.dir/Core/Src/main.c.obj
 .debug_macro   0x0000118c      0x103 CMakeFiles/FreeRTOS_Tasks.dir/Core/Src/main.c.obj
 .debug_macro   0x0000128f       0x6a CMakeFiles/FreeRTOS_Tasks.dir/Core/Src/main.c.obj
 .debug_macro   0x000012f9      0x1df CMakeFiles/FreeRTOS_Tasks.dir/Core/Src/main.c.obj
 .debug_macro   0x000014d8       0x1c CMakeFiles/FreeRTOS_Tasks.dir/Core/Src/main.c.obj
 .debug_macro   0x000014f4       0x22 CMakeFiles/FreeRTOS_Tasks.dir/Core/Src/main.c.obj
 .debug_macro   0x00001516       0xfb CMakeFiles/FreeRTOS_Tasks.dir/Core/Src/main.c.obj
 .debug_macro   0x00001611     0x1305 CMakeFiles/FreeRTOS_Tasks.dir/Core/Src/main.c.obj
 .debug_macro   0x00002916      0x11f CMakeFiles/FreeRTOS_Tasks.dir/Core/Src/main.c.obj
 .debug_macro   0x00002a35       0x27 CMakeFiles/FreeRTOS_Tasks.dir/Core/Src/main.c.obj
 .debug_macro   0x00002a5c    0x25b7b CMakeFiles/FreeRTOS_Tasks.dir/Core/Src/main.c.obj
 .debug_macro   0x000285d7       0x6d CMakeFiles/FreeRTOS_Tasks.dir/Core/Src/main.c.obj
 .debug_macro   0x00028644     0x3d79 CMakeFiles/FreeRTOS_Tasks.dir/Core/Src/main.c.obj
 .debug_macro   0x0002c3bd      0x189 CMakeFiles/FreeRTOS_Tasks.dir/Core/Src/main.c.obj
 .debug_macro   0x0002c546       0x74 CMakeFiles/FreeRTOS_Tasks.dir/Core/Src/main.c.obj
 .debug_macro   0x0002c5ba       0x29 CMakeFiles/FreeRTOS_Tasks.dir/Core/Src/main.c.obj
 .debug_macro   0x0002c5e3       0x3c CMakeFiles/FreeRTOS_Tasks.dir/Core/Src/main.c.obj
 .debug_macro   0x0002c61f       0x34 CMakeFiles/FreeRTOS_Tasks.dir/Core/Src/main.c.obj
 .debug_macro   0x0002c653       0x16 CMakeFiles/FreeRTOS_Tasks.dir/Core/Src/main.c.obj
 .debug_macro   0x0002c669       0x43 CMakeFiles/FreeRTOS_Tasks.dir/Core/Src/main.c.obj
 .debug_macro   0x0002c6ac       0x34 CMakeFiles/FreeRTOS_Tasks.dir/Core/Src/main.c.obj
 .debug_macro   0x0002c6e0       0x10 CMakeFiles/FreeRTOS_Tasks.dir/Core/Src/main.c.obj
 .debug_macro   0x0002c6f0       0x58 CMakeFiles/FreeRTOS_Tasks.dir/Core/Src/main.c.obj
 .debug_macro   0x0002c748      0x1de CMakeFiles/FreeRTOS_Tasks.dir/Core/Src/main.c.obj
 .debug_macro   0x0002c926      0x369 CMakeFiles/FreeRTOS_Tasks.dir/Core/Src/main.c.obj
 .debug_macro   0x0002cc8f      0x19b CMakeFiles/FreeRTOS_Tasks.dir/Core/Src/main.c.obj
 .debug_macro   0x0002ce2a       0x5d CMakeFiles/FreeRTOS_Tasks.dir/Core/Src/main.c.obj
 .debug_macro   0x0002ce87     0x2382 CMakeFiles/FreeRTOS_Tasks.dir/Core/Src/main.c.obj
 .debug_macro   0x0002f209     0x102c CMakeFiles/FreeRTOS_Tasks.dir/Core/Src/main.c.obj
 .debug_macro   0x00030235      0x154 CMakeFiles/FreeRTOS_Tasks.dir/Core/Src/main.c.obj
 .debug_macro   0x00030389      0x114 CMakeFiles/FreeRTOS_Tasks.dir/Core/Src/main.c.obj
 .debug_macro   0x0003049d      0x3b6 CMakeFiles/FreeRTOS_Tasks.dir/Core/Src/main.c.obj
 .debug_macro   0x00030853       0xac CMakeFiles/FreeRTOS_Tasks.dir/Core/Src/main.c.obj
 .debug_macro   0x000308ff      0x72d CMakeFiles/FreeRTOS_Tasks.dir/Core/Src/main.c.obj
 .debug_macro   0x0003102c      0x228 CMakeFiles/FreeRTOS_Tasks.dir/Core/Src/main.c.obj
 .debug_macro   0x00031254       0x66 CMakeFiles/FreeRTOS_Tasks.dir/Core/Src/main.c.obj
 .debug_macro   0x000312ba      0x3bb CMakeFiles/FreeRTOS_Tasks.dir/Core/Src/main.c.obj
 .debug_macro   0x00031675      0x3e4 CMakeFiles/FreeRTOS_Tasks.dir/Core/Src/main.c.obj
 .debug_macro   0x00031a59      0x275 CMakeFiles/FreeRTOS_Tasks.dir/Core/Src/main.c.obj
 .debug_macro   0x00031cce      0x3ca CMakeFiles/FreeRTOS_Tasks.dir/Core/Src/main.c.obj
 .debug_macro   0x00032098      0x408 CMakeFiles/FreeRTOS_Tasks.dir/Core/Src/main.c.obj
 .debug_macro   0x000324a0       0x51 CMakeFiles/FreeRTOS_Tasks.dir/Core/Src/main.c.obj
 .debug_macro   0x000324f1       0x4a CMakeFiles/FreeRTOS_Tasks.dir/Core/Src/main.c.obj
 .debug_macro   0x0003253b      0x22c CMakeFiles/FreeRTOS_Tasks.dir/Core/Src/main.c.obj
 .debug_macro   0x00032767       0x67 CMakeFiles/FreeRTOS_Tasks.dir/Core/Src/main.c.obj
 .debug_macro   0x000327ce       0xa5 CMakeFiles/FreeRTOS_Tasks.dir/Core/Src/main.c.obj
 .debug_macro   0x00032873      0x1c4 CMakeFiles/FreeRTOS_Tasks.dir/Core/Src/main.c.obj
 .debug_macro   0x00032a37      0x25e CMakeFiles/FreeRTOS_Tasks.dir/Core/Src/main.c.obj
 .debug_macro   0x00032c95       0x35 CMakeFiles/FreeRTOS_Tasks.dir/Core/Src/main.c.obj
 .debug_macro   0x00032cca      0xafa CMakeFiles/FreeRTOS_Tasks.dir/Core/Src/main.c.obj
 .debug_macro   0x000337c4      0x29f CMakeFiles/FreeRTOS_Tasks.dir/Core/Src/main.c.obj
 .debug_macro   0x00033a63      0x5ac CMakeFiles/FreeRTOS_Tasks.dir/Core/Src/main.c.obj
 .debug_macro   0x0003400f      0x169 CMakeFiles/FreeRTOS_Tasks.dir/Core/Src/main.c.obj
 .debug_macro   0x00034178      0x15a CMakeFiles/FreeRTOS_Tasks.dir/Core/Src/main.c.obj
 .debug_macro   0x000342d2       0xc9 CMakeFiles/FreeRTOS_Tasks.dir/Core/Src/main.c.obj
 .debug_macro   0x0003439b       0x1c CMakeFiles/FreeRTOS_Tasks.dir/Core/Src/main.c.obj
 .debug_macro   0x000343b7       0x26 CMakeFiles/FreeRTOS_Tasks.dir/Core/Src/main.c.obj
 .debug_macro   0x000343dd      0x4c5 CMakeFiles/FreeRTOS_Tasks.dir/Core/Src/main.c.obj
 .debug_macro   0x000348a2       0xb5 CMakeFiles/FreeRTOS_Tasks.dir/Core/Src/main.c.obj
 .debug_macro   0x00034957       0xaa CMakeFiles/FreeRTOS_Tasks.dir/Core/Src/main.c.obj
 .debug_macro   0x00034a01       0x66 CMakeFiles/FreeRTOS_Tasks.dir/Core/Src/main.c.obj
 .debug_macro   0x00034a67       0x74 CMakeFiles/FreeRTOS_Tasks.dir/Core/Src/main.c.obj
 .debug_macro   0x00034adb       0xdd CMakeFiles/FreeRTOS_Tasks.dir/Core/Src/main.c.obj
 .debug_macro   0x00034bb8      0x298 CMakeFiles/FreeRTOS_Tasks.dir/Core/Src/stm32h7xx_it.c.obj
 .debug_macro   0x00034e50      0x28e CMakeFiles/FreeRTOS_Tasks.dir/Core/Src/stm32h7xx_hal_msp.c.obj
 .debug_macro   0x000350de      0x284 CMakeFiles/FreeRTOS_Tasks.dir/Core/Src/stm32h7xx_hal_timebase_tim.c.obj
 .debug_macro   0x00035362      0x285 CMakeFiles/FreeRTOS_Tasks.dir/Drivers/STM32H7xx_HAL_Driver/Src/stm32h7xx_hal_tim.c.obj
 .debug_macro   0x000355e7      0x284 CMakeFiles/FreeRTOS_Tasks.dir/Drivers/STM32H7xx_HAL_Driver/Src/stm32h7xx_hal_cortex.c.obj
 .debug_macro   0x0003586b      0x2a8 CMakeFiles/FreeRTOS_Tasks.dir/Drivers/STM32H7xx_HAL_Driver/Src/stm32h7xx_hal_rcc.c.obj
 .debug_macro   0x00035b13      0x2bd CMakeFiles/FreeRTOS_Tasks.dir/Drivers/STM32H7xx_HAL_Driver/Src/stm32h7xx_hal_pwr_ex.c.obj
 .debug_macro   0x00035dd0      0x2ae CMakeFiles/FreeRTOS_Tasks.dir/Drivers/STM32H7xx_HAL_Driver/Src/stm32h7xx_hal.c.obj
 .debug_macro   0x0003607e      0x284 CMakeFiles/FreeRTOS_Tasks.dir/Core/Src/system_stm32h7xx.c.obj
 .debug_macro   0x00036302      0x178 CMakeFiles/FreeRTOS_Tasks.dir/Middlewares/Third_Party/FreeRTOS/Source/list.c.obj
 .debug_macro   0x0003647a      0x207 CMakeFiles/FreeRTOS_Tasks.dir/Middlewares/Third_Party/FreeRTOS/Source/queue.c.obj
 .debug_macro   0x00036681       0x16 CMakeFiles/FreeRTOS_Tasks.dir/Middlewares/Third_Party/FreeRTOS/Source/queue.c.obj
 .debug_macro   0x00036697       0x35 CMakeFiles/FreeRTOS_Tasks.dir/Middlewares/Third_Party/FreeRTOS/Source/queue.c.obj
 .debug_macro   0x000366cc       0x20 CMakeFiles/FreeRTOS_Tasks.dir/Middlewares/Third_Party/FreeRTOS/Source/queue.c.obj
 .debug_macro   0x000366ec       0x87 CMakeFiles/FreeRTOS_Tasks.dir/Middlewares/Third_Party/FreeRTOS/Source/queue.c.obj
 .debug_macro   0x00036773      0x270 CMakeFiles/FreeRTOS_Tasks.dir/Middlewares/Third_Party/FreeRTOS/Source/tasks.c.obj
 .debug_macro   0x000369e3       0x10 CMakeFiles/FreeRTOS_Tasks.dir/Middlewares/Third_Party/FreeRTOS/Source/tasks.c.obj
 .debug_macro   0x000369f3      0x1cd CMakeFiles/FreeRTOS_Tasks.dir/Middlewares/Third_Party/FreeRTOS/Source/timers.c.obj
 .debug_macro   0x00036bc0       0x97 CMakeFiles/FreeRTOS_Tasks.dir/Middlewares/Third_Party/FreeRTOS/Source/timers.c.obj
 .debug_macro   0x00036c57      0x3e3 CMakeFiles/FreeRTOS_Tasks.dir/Middlewares/Third_Party/FreeRTOS/Source/CMSIS_RTOS_V2/cmsis_os2.c.obj
 .debug_macro   0x0003703a       0x10 CMakeFiles/FreeRTOS_Tasks.dir/Middlewares/Third_Party/FreeRTOS/Source/CMSIS_RTOS_V2/cmsis_os2.c.obj
 .debug_macro   0x0003704a       0xf5 CMakeFiles/FreeRTOS_Tasks.dir/Middlewares/Third_Party/FreeRTOS/Source/CMSIS_RTOS_V2/cmsis_os2.c.obj
 .debug_macro   0x0003713f       0x8d CMakeFiles/FreeRTOS_Tasks.dir/Middlewares/Third_Party/FreeRTOS/Source/CMSIS_RTOS_V2/cmsis_os2.c.obj
 .debug_macro   0x000371cc       0x9a CMakeFiles/FreeRTOS_Tasks.dir/Middlewares/Third_Party/FreeRTOS/Source/CMSIS_RTOS_V2/cmsis_os2.c.obj
 .debug_macro   0x00037266       0x22 CMakeFiles/FreeRTOS_Tasks.dir/Middlewares/Third_Party/FreeRTOS/Source/CMSIS_RTOS_V2/cmsis_os2.c.obj
 .debug_macro   0x00037288      0x19f CMakeFiles/FreeRTOS_Tasks.dir/Middlewares/Third_Party/FreeRTOS/Source/portable/MemMang/heap_4.c.obj
 .debug_macro   0x00037427      0x196 CMakeFiles/FreeRTOS_Tasks.dir/Middlewares/Third_Party/FreeRTOS/Source/portable/GCC/ARM_CM4F/port.c.obj

.debug_line     0x00000000    0x11fdc
 .debug_line    0x00000000      0xb64 CMakeFiles/FreeRTOS_Tasks.dir/Core/Src/main.c.obj
 .debug_line    0x00000b64      0x7f0 CMakeFiles/FreeRTOS_Tasks.dir/Core/Src/stm32h7xx_it.c.obj
 .debug_line    0x00001354      0x76b CMakeFiles/FreeRTOS_Tasks.dir/Core/Src/stm32h7xx_hal_msp.c.obj
 .debug_line    0x00001abf      0x7df CMakeFiles/FreeRTOS_Tasks.dir/Core/Src/stm32h7xx_hal_timebase_tim.c.obj
 .debug_line    0x0000229e     0x3eaa CMakeFiles/FreeRTOS_Tasks.dir/Drivers/STM32H7xx_HAL_Driver/Src/stm32h7xx_hal_tim.c.obj
 .debug_line    0x00006148      0xd4b CMakeFiles/FreeRTOS_Tasks.dir/Drivers/STM32H7xx_HAL_Driver/Src/stm32h7xx_hal_cortex.c.obj
 .debug_line    0x00006e93     0x12ec CMakeFiles/FreeRTOS_Tasks.dir/Drivers/STM32H7xx_HAL_Driver/Src/stm32h7xx_hal_rcc.c.obj
 .debug_line    0x0000817f      0xe3f CMakeFiles/FreeRTOS_Tasks.dir/Drivers/STM32H7xx_HAL_Driver/Src/stm32h7xx_hal_pwr_ex.c.obj
 .debug_line    0x00008fbe      0xd1c CMakeFiles/FreeRTOS_Tasks.dir/Drivers/STM32H7xx_HAL_Driver/Src/stm32h7xx_hal.c.obj
 .debug_line    0x00009cda      0x95c CMakeFiles/FreeRTOS_Tasks.dir/Core/Src/system_stm32h7xx.c.obj
 .debug_line    0x0000a636      0x5e8 CMakeFiles/FreeRTOS_Tasks.dir/Middlewares/Third_Party/FreeRTOS/Source/list.c.obj
 .debug_line    0x0000ac1e     0x15b2 CMakeFiles/FreeRTOS_Tasks.dir/Middlewares/Third_Party/FreeRTOS/Source/queue.c.obj
 .debug_line    0x0000c1d0     0x1c84 CMakeFiles/FreeRTOS_Tasks.dir/Middlewares/Third_Party/FreeRTOS/Source/tasks.c.obj
 .debug_line    0x0000de54      0xc70 CMakeFiles/FreeRTOS_Tasks.dir/Middlewares/Third_Party/FreeRTOS/Source/timers.c.obj
 .debug_line    0x0000eac4     0x22f2 CMakeFiles/FreeRTOS_Tasks.dir/Middlewares/Third_Party/FreeRTOS/Source/CMSIS_RTOS_V2/cmsis_os2.c.obj
 .debug_line    0x00010db6      0x813 CMakeFiles/FreeRTOS_Tasks.dir/Middlewares/Third_Party/FreeRTOS/Source/portable/MemMang/heap_4.c.obj
 .debug_line    0x000115c9      0x796 CMakeFiles/FreeRTOS_Tasks.dir/Middlewares/Third_Party/FreeRTOS/Source/portable/GCC/ARM_CM4F/port.c.obj
 .debug_line    0x00011d5f       0x7b CMakeFiles/FreeRTOS_Tasks.dir/startup_stm32h743xx.s.obj
 .debug_line    0x00011dda      0x202 C:/ST/STM32CubeCLT_1.17.0/GNU-tools-for-STM32/bin/../lib/gcc/arm-none-eabi/12.3.1/../../../../arm-none-eabi/lib/thumb/v7e-m+dp/hard\libg_nano.a(libc_a-memcpy-stub.o)

.debug_str      0x00000000   0x164dc6
 .debug_str     0x00000000   0x15bf6b CMakeFiles/FreeRTOS_Tasks.dir/Core/Src/main.c.obj
                             0x15c4cc (size before relaxing)
 .debug_str     0x0015bf6b       0xae CMakeFiles/FreeRTOS_Tasks.dir/Core/Src/stm32h7xx_it.c.obj
                             0x15694b (size before relaxing)
 .debug_str     0x0015c019      0x819 CMakeFiles/FreeRTOS_Tasks.dir/Core/Src/stm32h7xx_hal_msp.c.obj
                             0x15735f (size before relaxing)
 .debug_str     0x0015c832      0x136 CMakeFiles/FreeRTOS_Tasks.dir/Core/Src/stm32h7xx_hal_timebase_tim.c.obj
                             0x157b31 (size before relaxing)
 .debug_str     0x0015c968      0xeef CMakeFiles/FreeRTOS_Tasks.dir/Drivers/STM32H7xx_HAL_Driver/Src/stm32h7xx_hal_tim.c.obj
                             0x157f90 (size before relaxing)
 .debug_str     0x0015d857      0x435 CMakeFiles/FreeRTOS_Tasks.dir/Drivers/STM32H7xx_HAL_Driver/Src/stm32h7xx_hal_cortex.c.obj
                             0x1577a7 (size before relaxing)
 .debug_str     0x0015dc8c      0x460 CMakeFiles/FreeRTOS_Tasks.dir/Drivers/STM32H7xx_HAL_Driver/Src/stm32h7xx_hal_rcc.c.obj
                             0x1571f1 (size before relaxing)
 .debug_str     0x0015e0ec      0x707 CMakeFiles/FreeRTOS_Tasks.dir/Drivers/STM32H7xx_HAL_Driver/Src/stm32h7xx_hal_pwr_ex.c.obj
                             0x1572ce (size before relaxing)
 .debug_str     0x0015e7f3      0x6fc CMakeFiles/FreeRTOS_Tasks.dir/Drivers/STM32H7xx_HAL_Driver/Src/stm32h7xx_hal.c.obj
                             0x157d6c (size before relaxing)
 .debug_str     0x0015eeef       0x69 CMakeFiles/FreeRTOS_Tasks.dir/Core/Src/system_stm32h7xx.c.obj
                             0x156e95 (size before relaxing)
 .debug_str     0x0015ef58      0x256 CMakeFiles/FreeRTOS_Tasks.dir/Middlewares/Third_Party/FreeRTOS/Source/list.c.obj
                               0xa563 (size before relaxing)
 .debug_str     0x0015f1ae     0x149d CMakeFiles/FreeRTOS_Tasks.dir/Middlewares/Third_Party/FreeRTOS/Source/queue.c.obj
                               0xc0a3 (size before relaxing)
 .debug_str     0x0016064b     0x1b39 CMakeFiles/FreeRTOS_Tasks.dir/Middlewares/Third_Party/FreeRTOS/Source/tasks.c.obj
                               0xcb60 (size before relaxing)
 .debug_str     0x00162184      0x695 CMakeFiles/FreeRTOS_Tasks.dir/Middlewares/Third_Party/FreeRTOS/Source/timers.c.obj
                               0xc5d5 (size before relaxing)
 .debug_str     0x00162819     0x18ee CMakeFiles/FreeRTOS_Tasks.dir/Middlewares/Third_Party/FreeRTOS/Source/CMSIS_RTOS_V2/cmsis_os2.c.obj
                             0x15e9f5 (size before relaxing)
 .debug_str     0x00164107      0x340 CMakeFiles/FreeRTOS_Tasks.dir/Middlewares/Third_Party/FreeRTOS/Source/portable/MemMang/heap_4.c.obj
                               0xaea5 (size before relaxing)
 .debug_str     0x00164447      0x79f CMakeFiles/FreeRTOS_Tasks.dir/Middlewares/Third_Party/FreeRTOS/Source/portable/GCC/ARM_CM4F/port.c.obj
                               0x879e (size before relaxing)
 .debug_str     0x00164be6       0x51 CMakeFiles/FreeRTOS_Tasks.dir/startup_stm32h743xx.s.obj
                                 0x7c (size before relaxing)
 .debug_str     0x00164c37      0x18f C:/ST/STM32CubeCLT_1.17.0/GNU-tools-for-STM32/bin/../lib/gcc/arm-none-eabi/12.3.1/../../../../arm-none-eabi/lib/thumb/v7e-m+dp/hard\libg_nano.a(libc_a-memcpy-stub.o)
                                0x232 (size before relaxing)

.debug_line_str
                0x00000000       0x60
 .debug_line_str
                0x00000000       0x60 CMakeFiles/FreeRTOS_Tasks.dir/startup_stm32h743xx.s.obj

.debug_loclists
                0x00000000       0x8f
 .debug_loclists
                0x00000000       0x8f C:/ST/STM32CubeCLT_1.17.0/GNU-tools-for-STM32/bin/../lib/gcc/arm-none-eabi/12.3.1/../../../../arm-none-eabi/lib/thumb/v7e-m+dp/hard\libg_nano.a(libc_a-memcpy-stub.o)
